Archive member included to satisfy reference by file (symbol)

c:/arm-gcc/tools/tools/arm-gnu-toolchain-11.3.rel1-mingw-w64-i686-arm-none-eabi/bin/../lib/gcc/arm-none-eabi/11.3.1/thumb/v7e-m+fp/hard\libc_nano.a(libc_a-exit.o)
                              c:/arm-gcc/tools/tools/arm-gnu-toolchain-11.3.rel1-mingw-w64-i686-arm-none-eabi/bin/../lib/gcc/arm-none-eabi/11.3.1/thumb/v7e-m+fp/hard/crt0.o (exit)
c:/arm-gcc/tools/tools/arm-gnu-toolchain-11.3.rel1-mingw-w64-i686-arm-none-eabi/bin/../lib/gcc/arm-none-eabi/11.3.1/thumb/v7e-m+fp/hard\libc_nano.a(libc_a-findfp.o)
                              c:/arm-gcc/tools/tools/arm-gnu-toolchain-11.3.rel1-mingw-w64-i686-arm-none-eabi/bin/../lib/gcc/arm-none-eabi/11.3.1/thumb/v7e-m+fp/hard\libc_nano.a(libc_a-exit.o) (__stdio_exit_handler)
c:/arm-gcc/tools/tools/arm-gnu-toolchain-11.3.rel1-mingw-w64-i686-arm-none-eabi/bin/../lib/gcc/arm-none-eabi/11.3.1/thumb/v7e-m+fp/hard\libc_nano.a(libc_a-fwalk.o)
                              c:/arm-gcc/tools/tools/arm-gnu-toolchain-11.3.rel1-mingw-w64-i686-arm-none-eabi/bin/../lib/gcc/arm-none-eabi/11.3.1/thumb/v7e-m+fp/hard\libc_nano.a(libc_a-findfp.o) (_fwalk_sglue)
c:/arm-gcc/tools/tools/arm-gnu-toolchain-11.3.rel1-mingw-w64-i686-arm-none-eabi/bin/../lib/gcc/arm-none-eabi/11.3.1/thumb/v7e-m+fp/hard\libc_nano.a(libc_a-sprintf.o)
                              build/main.o (sprintf)
c:/arm-gcc/tools/tools/arm-gnu-toolchain-11.3.rel1-mingw-w64-i686-arm-none-eabi/bin/../lib/gcc/arm-none-eabi/11.3.1/thumb/v7e-m+fp/hard\libc_nano.a(libc_a-stdio.o)
                              c:/arm-gcc/tools/tools/arm-gnu-toolchain-11.3.rel1-mingw-w64-i686-arm-none-eabi/bin/../lib/gcc/arm-none-eabi/11.3.1/thumb/v7e-m+fp/hard\libc_nano.a(libc_a-findfp.o) (__sread)
c:/arm-gcc/tools/tools/arm-gnu-toolchain-11.3.rel1-mingw-w64-i686-arm-none-eabi/bin/../lib/gcc/arm-none-eabi/11.3.1/thumb/v7e-m+fp/hard\libc_nano.a(libc_a-memset.o)
                              c:/arm-gcc/tools/tools/arm-gnu-toolchain-11.3.rel1-mingw-w64-i686-arm-none-eabi/bin/../lib/gcc/arm-none-eabi/11.3.1/thumb/v7e-m+fp/hard/crt0.o (memset)
c:/arm-gcc/tools/tools/arm-gnu-toolchain-11.3.rel1-mingw-w64-i686-arm-none-eabi/bin/../lib/gcc/arm-none-eabi/11.3.1/thumb/v7e-m+fp/hard\libc_nano.a(libc_a-closer.o)
                              c:/arm-gcc/tools/tools/arm-gnu-toolchain-11.3.rel1-mingw-w64-i686-arm-none-eabi/bin/../lib/gcc/arm-none-eabi/11.3.1/thumb/v7e-m+fp/hard\libc_nano.a(libc_a-stdio.o) (_close_r)
c:/arm-gcc/tools/tools/arm-gnu-toolchain-11.3.rel1-mingw-w64-i686-arm-none-eabi/bin/../lib/gcc/arm-none-eabi/11.3.1/thumb/v7e-m+fp/hard\libc_nano.a(libc_a-reent.o)
                              c:/arm-gcc/tools/tools/arm-gnu-toolchain-11.3.rel1-mingw-w64-i686-arm-none-eabi/bin/../lib/gcc/arm-none-eabi/11.3.1/thumb/v7e-m+fp/hard\libc_nano.a(libc_a-closer.o) (errno)
c:/arm-gcc/tools/tools/arm-gnu-toolchain-11.3.rel1-mingw-w64-i686-arm-none-eabi/bin/../lib/gcc/arm-none-eabi/11.3.1/thumb/v7e-m+fp/hard\libc_nano.a(libc_a-impure.o)
                              c:/arm-gcc/tools/tools/arm-gnu-toolchain-11.3.rel1-mingw-w64-i686-arm-none-eabi/bin/../lib/gcc/arm-none-eabi/11.3.1/thumb/v7e-m+fp/hard\libc_nano.a(libc_a-sprintf.o) (_impure_ptr)
c:/arm-gcc/tools/tools/arm-gnu-toolchain-11.3.rel1-mingw-w64-i686-arm-none-eabi/bin/../lib/gcc/arm-none-eabi/11.3.1/thumb/v7e-m+fp/hard\libc_nano.a(libc_a-lseekr.o)
                              c:/arm-gcc/tools/tools/arm-gnu-toolchain-11.3.rel1-mingw-w64-i686-arm-none-eabi/bin/../lib/gcc/arm-none-eabi/11.3.1/thumb/v7e-m+fp/hard\libc_nano.a(libc_a-stdio.o) (_lseek_r)
c:/arm-gcc/tools/tools/arm-gnu-toolchain-11.3.rel1-mingw-w64-i686-arm-none-eabi/bin/../lib/gcc/arm-none-eabi/11.3.1/thumb/v7e-m+fp/hard\libc_nano.a(libc_a-readr.o)
                              c:/arm-gcc/tools/tools/arm-gnu-toolchain-11.3.rel1-mingw-w64-i686-arm-none-eabi/bin/../lib/gcc/arm-none-eabi/11.3.1/thumb/v7e-m+fp/hard\libc_nano.a(libc_a-stdio.o) (_read_r)
c:/arm-gcc/tools/tools/arm-gnu-toolchain-11.3.rel1-mingw-w64-i686-arm-none-eabi/bin/../lib/gcc/arm-none-eabi/11.3.1/thumb/v7e-m+fp/hard\libc_nano.a(libc_a-writer.o)
                              c:/arm-gcc/tools/tools/arm-gnu-toolchain-11.3.rel1-mingw-w64-i686-arm-none-eabi/bin/../lib/gcc/arm-none-eabi/11.3.1/thumb/v7e-m+fp/hard\libc_nano.a(libc_a-stdio.o) (_write_r)
c:/arm-gcc/tools/tools/arm-gnu-toolchain-11.3.rel1-mingw-w64-i686-arm-none-eabi/bin/../lib/gcc/arm-none-eabi/11.3.1/thumb/v7e-m+fp/hard\libc_nano.a(libc_a-init.o)
                              c:/arm-gcc/tools/tools/arm-gnu-toolchain-11.3.rel1-mingw-w64-i686-arm-none-eabi/bin/../lib/gcc/arm-none-eabi/11.3.1/thumb/v7e-m+fp/hard/crt0.o (__libc_init_array)
c:/arm-gcc/tools/tools/arm-gnu-toolchain-11.3.rel1-mingw-w64-i686-arm-none-eabi/bin/../lib/gcc/arm-none-eabi/11.3.1/thumb/v7e-m+fp/hard\libc_nano.a(libc_a-lock.o)
[...]
Memory Configuration

Name             Origin             Length             Attributes
RAM              0x20000000         0x00020000         xrw
FLASH            0x08000000         0x00080000         xr
*default*        0x00000000         0xffffffff

Linker script and memory map

LOAD c:/arm-gcc/tools/tools/arm-gnu-toolchain-11.3.rel1-mingw-w64-i686-arm-none-eabi/bin/../lib/gcc/arm-none-eabi/11.3.1/thumb/v7e-m+fp/hard/crti.o
LOAD c:/arm-gcc/tools/tools/arm-gnu-toolchain-11.3.rel1-mingw-w64-i686-arm-none-eabi/bin/../lib/gcc/arm-none-eabi/11.3.1/thumb/v7e-m+fp/hard/crtbegin.o
LOAD c:/arm-gcc/tools/tools/arm-gnu-toolchain-11.3.rel1-mingw-w64-i686-arm-none-eabi/bin/../lib/gcc/arm-none-eabi/11.3.1/thumb/v7e-m+fp/hard/crt0.o
LOAD build/main.o
LOAD build/button.o
LOAD build/stm32f4xx_it.o
LOAD build/stm32f4xx_hal_msp.o
LOAD build/stm32f4xx_hal_tim.o
LOAD build/stm32f4xx_hal_tim_ex.o
LOAD build/stm32f4xx_hal_rcc.o
LOAD build/stm32f4xx_hal_rcc_ex.o
LOAD build/stm32f4xx_hal_flash.o
LOAD build/stm32f4xx_hal_flash_ex.o
LOAD build/stm32f4xx_hal_flash_ramfunc.o
LOAD build/stm32f4xx_hal_gpio.o
LOAD build/stm32f4xx_hal_dma_ex.o
LOAD build/stm32f4xx_hal_dma.o
LOAD build/stm32f4xx_hal_pwr.o
LOAD build/stm32f4xx_hal_pwr_ex.o
LOAD build/stm32f4xx_hal_cortex.o
LOAD build/stm32f4xx_hal.o
LOAD build/stm32f4xx_hal_exti.o
LOAD build/system_stm32f4xx.o
LOAD build/stm32f4xx_hal_adc.o
LOAD build/stm32f4xx_hal_adc_ex.o
LOAD build/stm32f4xx_ll_adc.o
LOAD build/usb_device.o
LOAD build/usbd_desc.o
LOAD build/usbd_cdc_if.o
LOAD build/usbd_conf.o
LOAD build/stm32f4xx_hal_pcd.o
LOAD build/stm32f4xx_hal_pcd_ex.o
LOAD build/stm32f4xx_ll_usb.o
LOAD build/usbd_core.o
LOAD build/usbd_ctlreq.o
LOAD build/usbd_ioreq.o
LOAD build/usbd_cdc.o
LOAD build/startup_stm32f411xe.o
LOAD c:/arm-gcc/tools/tools/arm-gnu-toolchain-11.3.rel1-mingw-w64-i686-arm-none-eabi/bin/../lib/gcc/arm-none-eabi/11.3.1/thumb/v7e-m+fp/hard\libc_nano.a
LOAD c:/arm-gcc/tools/tools/arm-gnu-toolchain-11.3.rel1-mingw-w64-i686-arm-none-eabi/bin/../lib/gcc/arm-none-eabi/11.3.1/thumb/v7e-m+fp/hard\libm.a
LOAD c:/arm-gcc/tools/tools/arm-gnu-toolchain-11.3.rel1-mingw-w64-i686-arm-none-eabi/bin/../lib/gcc/arm-none-eabi/11.3.1/thumb/v7e-m+fp/hard\libnosys.a
START GROUP
LOAD c:/arm-gcc/tools/tools/arm-gnu-toolchain-11.3.rel1-mingw-w64-i686-arm-none-eabi/bin/../lib/gcc/arm-none-eabi/11.3.1/thumb/v7e-m+fp/hard\libgcc.a
LOAD c:/arm-gcc/tools/tools/arm-gnu-toolchain-11.3.rel1-mingw-w64-i686-arm-none-eabi/bin/../lib/gcc/arm-none-eabi/11.3.1/thumb/v7e-m+fp/hard\libc_nano.a
END GROUP
START GROUP
LOAD c:/arm-gcc/tools/tools/arm-gnu-toolchain-11.3.rel1-mingw-w64-i686-arm-none-eabi/bin/../lib/gcc/arm-none-eabi/11.3.1/thumb/v7e-m+fp/hard\libgcc.a
LOAD c:/arm-gcc/tools/tools/arm-gnu-toolchain-11.3.rel1-mingw-w64-i686-arm-none-eabi/bin/../lib/gcc/arm-none-eabi/11.3.1/thumb/v7e-m+fp/hard\libc_nano.a
END GROUP
LOAD c:/arm-gcc/tools/tools/arm-gnu-toolchain-11.3.rel1-mingw-w64-i686-arm-none-eabi/bin/../lib/gcc/arm-none-eabi/11.3.1/thumb/v7e-m+fp/hard/crtend.o
LOAD c:/arm-gcc/tools/tools/arm-gnu-toolchain-11.3.rel1-mingw-w64-i686-arm-none-eabi/bin/../lib/gcc/arm-none-eabi/11.3.1/thumb/v7e-m+fp/hard/crtn.o
                0x20020000                _estack = (ORIGIN (RAM) + LENGTH (RAM))
                0x00000200                _Min_Heap_Size = 0x200
                0x00000400                _Min_Stack_Size = 0x400

.isr_vector     0x08000000      0x198
                0x08000000                . = ALIGN (0x4)
 *(.isr_vector)
 .isr_vector    0x08000000      0x198 build/startup_stm32f411xe.o
                0x08000000                g_pfnVectors
                0x08000198                . = ALIGN (0x4)

.text           0x080001a0     0xa650
                0x080001a0                . = ALIGN (0x4)
 *(.text)
 .text          0x080001a0       0x10 c:/arm-gcc/tools/tools/arm-gnu-toolchain-11.3.rel1-mingw-w64-i686-arm-none-eabi/bin/../lib/gcc/arm-none-eabi/11.3.1/thumb/v7e-m+fp/hard\libc_nano.a(libc_a-strlen.o)
                0x080001a0                strlen
 .text          0x080001b0       0xa0 c:/arm-gcc/tools/tools/arm-gnu-toolchain-11.3.rel1-mingw-w64-i686-arm-none-eabi/bin/../lib/gcc/arm-none-eabi/11.3.1/thumb/v7e-m+fp/hard\libc_nano.a(libc_a-memchr.o)
                0x080001b0                memchr
 .text          0x08000250      0x378 c:/arm-gcc/tools/tools/arm-gnu-toolchain-11.3.rel1-mingw-w64-i686-arm-none-eabi/bin/../lib/gcc/arm-none-eabi/11.3.1/thumb/v7e-m+fp/hard\libgcc.a(_arm_addsubdf3.o)
                0x08000250                __aeabi_drsub
                0x08000258                __aeabi_dsub
                0x08000258                __subdf3
                0x0800025c                __aeabi_dadd
                0x0800025c                __adddf3
                0x080004d4                __floatunsidf
                0x080004d4                __aeabi_ui2d
                0x080004f4                __floatsidf
                0x080004f4                __aeabi_i2d
                0x08000518                __aeabi_f2d
                0x08000518                __extendsfdf2
                0x0800055c                __floatundidf
                0x0800055c                __aeabi_ul2d
                0x0800056c                __floatdidf
                0x0800056c                __aeabi_l2d
 .text          0x080005c8      0x424 c:/arm-gcc/tools/tools/arm-gnu-toolchain-11.3.rel1-mingw-w64-i686-arm-none-eabi/bin/../lib/gcc/arm-none-eabi/11.3.1/thumb/v7e-m+fp/hard\libgcc.a(_arm_muldivdf3.o)
                0x080005c8                __aeabi_dmul
                0x080005c8                __muldf3
                0x0800081c                __divdf3
                0x0800081c                __aeabi_ddiv
 .text          0x080009ec      0x110 c:/arm-gcc/tools/tools/arm-gnu-toolchain-11.3.rel1-mingw-w64-i686-arm-none-eabi/bin/../lib/gcc/arm-none-eabi/11.3.1/thumb/v7e-m+fp/hard\libgcc.a(_arm_cmpdf2.o)
                0x080009ec                __gtdf2
                0x080009ec                __gedf2
                0x080009f4                __ltdf2
                0x080009f4                __ledf2
                0x080009fc                __nedf2
                0x080009fc                __eqdf2
                0x080009fc                __cmpdf2
                0x08000a78                __aeabi_cdrcmple
                0x08000a88                __aeabi_cdcmpeq
                0x08000a88                __aeabi_cdcmple
                0x08000a98                __aeabi_dcmpeq
                0x08000aac                __aeabi_dcmplt
                0x08000ac0                __aeabi_dcmple
                0x08000ad4                __aeabi_dcmpge
                0x08000ae8                __aeabi_dcmpgt
 .text          0x08000afc       0x2c c:/arm-gcc/tools/tools/arm-gnu-toolchain-11.3.rel1-mingw-w64-i686-arm-none-eabi/bin/../lib/gcc/arm-none-eabi/11.3.1/thumb/v7e-m+fp/hard\libgcc.a(_arm_unorddf2.o)
                0x08000afc                __unorddf2
                0x08000afc                __aeabi_dcmpun
 .text          0x08000b28       0x40 c:/arm-gcc/tools/tools/arm-gnu-toolchain-11.3.rel1-mingw-w64-i686-arm-none-eabi/bin/../lib/gcc/arm-none-eabi/11.3.1/thumb/v7e-m+fp/hard\libgcc.a(_arm_fixunsdfsi.o)
                0x08000b28                __aeabi_d2uiz
                0x08000b28                __fixunsdfsi
 .text          0x08000b68       0xa0 c:/arm-gcc/tools/tools/arm-gnu-toolchain-11.3.rel1-mingw-w64-i686-arm-none-eabi/bin/../lib/gcc/arm-none-eabi/11.3.1/thumb/v7e-m+fp/hard\libgcc.a(_arm_truncdfsf2.o)
                0x08000b68                __truncdfsf2
                0x08000b68                __aeabi_d2f
 .text          0x08000c08       0x30 c:/arm-gcc/tools/tools/arm-gnu-toolchain-11.3.rel1-mingw-w64-i686-arm-none-eabi/bin/../lib/gcc/arm-none-eabi/11.3.1/thumb/v7e-m+fp/hard\libgcc.a(_aeabi_uldivmod.o)
                0x08000c08                __aeabi_uldivmod
 .text          0x08000c38        0x4 c:/arm-gcc/tools/tools/arm-gnu-toolchain-11.3.rel1-mingw-w64-i686-arm-none-eabi/bin/../lib/gcc/arm-none-eabi/11.3.1/thumb/v7e-m+fp/hard\libgcc.a(_dvmd_tls.o)
                0x08000c38                __aeabi_idiv0
                0x08000c38                __aeabi_ldiv0
 *(.text*)
 .text.deregister_tm_clones
                0x08000c3c       0x1c c:/arm-gcc/tools/tools/arm-gnu-toolchain-11.3.rel1-mingw-w64-i686-arm-none-eabi/bin/../lib/gcc/arm-none-eabi/11.3.1/thumb/v7e-m+fp/hard/crtbegin.o
 .text.register_tm_clones
                0x08000c58       0x24 c:/arm-gcc/tools/tools/arm-gnu-toolchain-11.3.rel1-mingw-w64-i686-arm-none-eabi/bin/../lib/gcc/arm-none-eabi/11.3.1/thumb/v7e-m+fp/hard/crtbegin.o
 .text.__do_global_dtors_aux
                0x08000c7c       0x28 c:/arm-gcc/tools/tools/arm-gnu-toolchain-11.3.rel1-mingw-w64-i686-arm-none-eabi/bin/../lib/gcc/arm-none-eabi/11.3.1/thumb/v7e-m+fp/hard/crtbegin.o
 .text.frame_dummy
                0x08000ca4       0x24 c:/arm-gcc/tools/tools/arm-gnu-toolchain-11.3.rel1-mingw-w64-i686-arm-none-eabi/bin/../lib/gcc/arm-none-eabi/11.3.1/thumb/v7e-m+fp/hard/crtbegin.o
 .text.main     0x08000cc8       0xc4 build/main.o
                0x08000cc8                main
 .text.SystemClock_Config
                0x08000d8c       0xd0 build/main.o
                0x08000d8c                SystemClock_Config
 .text.MX_ADC1_Init
                0x08000e5c       0xa4 build/main.o
 .text.MX_TIM3_Init
                0x08000f00       0xec build/main.o
 .text.MX_TIM4_Init
                0x08000fec       0xf0 build/main.o
 .text.MX_GPIO_Init
                0x080010dc       0xfc build/main.o
 .text.HAL_TIM_PeriodElapsedCallback
                0x080011d8      0x3b0 build/main.o
                0x080011d8                HAL_TIM_PeriodElapsedCallback
 .text.Error_Handler
                0x08001588        0xa build/main.o
                0x08001588                Error_Handler
 .text.button   0x08001592       0x8e build/button.o
                0x08001592                button
 .text.button_release
                0x08001620       0x5c build/button.o
                0x08001620                button_release
 .text.NMI_Handler
                0x0800167c        0x6 build/stm32f4xx_it.o
                0x0800167c                NMI_Handler
 .text.HardFault_Handler
                0x08001682        0x6 build/stm32f4xx_it.o
                0x08001682                HardFault_Handler
 .text.MemManage_Handler
                0x08001688        0x6 build/stm32f4xx_it.o
                0x08001688                MemManage_Handler
 .text.BusFault_Handler
                0x0800168e        0x6 build/stm32f4xx_it.o
                0x0800168e                BusFault_Handler
 .text.UsageFault_Handler
                0x08001694        0x6 build/stm32f4xx_it.o
                0x08001694                UsageFault_Handler
 .text.SVC_Handler
                0x0800169a        0xe build/stm32f4xx_it.o
                0x0800169a                SVC_Handler
 .text.DebugMon_Handler
                0x080016a8        0xe build/stm32f4xx_it.o
                0x080016a8                DebugMon_Handler
 .text.PendSV_Handler
                0x080016b6        0xe build/stm32f4xx_it.o
                0x080016b6                PendSV_Handler
 .text.SysTick_Handler
                0x080016c4        0xc build/stm32f4xx_it.o
                0x080016c4                SysTick_Handler
 .text.TIM4_IRQHandler
                0x080016d0       0x14 build/stm32f4xx_it.o
                0x080016d0                TIM4_IRQHandler
 .text.OTG_FS_IRQHandler
                0x080016e4       0x14 build/stm32f4xx_it.o
                0x080016e4                OTG_FS_IRQHandler
 .text.HAL_MspInit
                0x080016f8       0x50 build/stm32f4xx_hal_msp.o
                0x080016f8                HAL_MspInit
 .text.HAL_ADC_MspInit
                0x08001748       0x88 build/stm32f4xx_hal_msp.o
                0x08001748                HAL_ADC_MspInit
 .text.HAL_TIM_Base_MspInit
                0x080017d0       0x7c build/stm32f4xx_hal_msp.o
                0x080017d0                HAL_TIM_Base_MspInit
 .text.HAL_TIM_MspPostInit
                0x0800184c       0xc0 build/stm32f4xx_hal_msp.o
                0x0800184c                HAL_TIM_MspPostInit
 .text.HAL_TIM_Base_Init
                0x0800190c       0x9e build/stm32f4xx_hal_tim.o
                0x0800190c                HAL_TIM_Base_Init
 *fill*         0x080019aa        0x2 
 .text.HAL_TIM_Base_Start_IT
                0x080019ac       0xc4 build/stm32f4xx_hal_tim.o
                0x080019ac                HAL_TIM_Base_Start_IT
 .text.HAL_TIM_PWM_Init
                0x08001a70       0x9e build/stm32f4xx_hal_tim.o
                0x08001a70                HAL_TIM_PWM_Init
 .text.HAL_TIM_PWM_MspInit
                0x08001b0e       0x14 build/stm32f4xx_hal_tim.o
                0x08001b0e                HAL_TIM_PWM_MspInit
 *fill*         0x08001b22        0x2 
 .text.HAL_TIM_PWM_Start
                0x08001b24      0x160 build/stm32f4xx_hal_tim.o
                0x08001b24                HAL_TIM_PWM_Start
 .text.HAL_TIM_IRQHandler
                0x08001c84      0x210 build/stm32f4xx_hal_tim.o
                0x08001c84                HAL_TIM_IRQHandler
 .text.HAL_TIM_PWM_ConfigChannel
                0x08001e94      0x184 build/stm32f4xx_hal_tim.o
                0x08001e94                HAL_TIM_PWM_ConfigChannel
 .text.HAL_TIM_ConfigClockSource
                0x08002018      0x18e build/stm32f4xx_hal_tim.o
                0x08002018                HAL_TIM_ConfigClockSource
 .text.HAL_TIM_OC_DelayElapsedCallback
                0x080021a6       0x14 build/stm32f4xx_hal_tim.o
                0x080021a6                HAL_TIM_OC_DelayElapsedCallback
 .text.HAL_TIM_IC_CaptureCallback
                0x080021ba       0x14 build/stm32f4xx_hal_tim.o
                0x080021ba                HAL_TIM_IC_CaptureCallback
 .text.HAL_TIM_PWM_PulseFinishedCallback
                0x080021ce       0x14 build/stm32f4xx_hal_tim.o
                0x080021ce                HAL_TIM_PWM_PulseFinishedCallback
 .text.HAL_TIM_TriggerCallback
                0x080021e2       0x14 build/stm32f4xx_hal_tim.o
                0x080021e2                HAL_TIM_TriggerCallback
 *fill*         0x080021f6        0x2 
 .text.TIM_Base_SetConfig
                0x080021f8      0x100 build/stm32f4xx_hal_tim.o
                0x080021f8                TIM_Base_SetConfig
 .text.TIM_OC1_SetConfig
                0x080022f8       0xcc build/stm32f4xx_hal_tim.o
 .text.TIM_OC2_SetConfig
                0x080023c4       0xd8 build/stm32f4xx_hal_tim.o
                0x080023c4                TIM_OC2_SetConfig
 .text.TIM_OC3_SetConfig
                0x0800249c       0xd4 build/stm32f4xx_hal_tim.o
 .text.TIM_OC4_SetConfig
                0x08002570       0xa0 build/stm32f4xx_hal_tim.o
 .text.TIM_TI1_ConfigInputStage
                0x08002610       0x5e build/stm32f4xx_hal_tim.o
 .text.TIM_TI2_ConfigInputStage
                0x0800266e       0x60 build/stm32f4xx_hal_tim.o
 .text.TIM_ITRx_SetConfig
                0x080026ce       0x36 build/stm32f4xx_hal_tim.o
 .text.TIM_ETR_SetConfig
                0x08002704       0x40 build/stm32f4xx_hal_tim.o
                0x08002704                TIM_ETR_SetConfig
 .text.TIM_CCxChannelCmd
                0x08002744       0x4a build/stm32f4xx_hal_tim.o
                0x08002744                TIM_CCxChannelCmd
 *fill*         0x0800278e        0x2 
 .text.HAL_TIMEx_MasterConfigSynchronization
                0x08002790       0xdc build/stm32f4xx_hal_tim_ex.o
                0x08002790                HAL_TIMEx_MasterConfigSynchronization
 .text.HAL_TIMEx_CommutCallback
                0x0800286c       0x14 build/stm32f4xx_hal_tim_ex.o
                0x0800286c                HAL_TIMEx_CommutCallback
 .text.HAL_TIMEx_BreakCallback
                0x08002880       0x14 build/stm32f4xx_hal_tim_ex.o
                0x08002880                HAL_TIMEx_BreakCallback
 .text.HAL_RCC_OscConfig
                0x08002894      0x4f0 build/stm32f4xx_hal_rcc.o
                0x08002894                HAL_RCC_OscConfig
 .text.HAL_RCC_ClockConfig
                0x08002d84      0x1cc build/stm32f4xx_hal_rcc.o
                0x08002d84                HAL_RCC_ClockConfig
 .text.HAL_RCC_GetSysClockFreq
                0x08002f50      0x18c build/stm32f4xx_hal_rcc.o
                0x08002f50                HAL_RCC_GetSysClockFreq
 .text.HAL_RCC_GetHCLKFreq
                0x080030dc       0x18 build/stm32f4xx_hal_rcc.o
                0x080030dc                HAL_RCC_GetHCLKFreq
 .text.HAL_GPIO_Init
                0x080030f4      0x308 build/stm32f4xx_hal_gpio.o
                0x080030f4                HAL_GPIO_Init
 .text.HAL_GPIO_ReadPin
                0x080033fc       0x30 build/stm32f4xx_hal_gpio.o
                0x080033fc                HAL_GPIO_ReadPin
 .text.HAL_GPIO_WritePin
                0x0800342c       0x32 build/stm32f4xx_hal_gpio.o
                0x0800342c                HAL_GPIO_WritePin
 *fill*         0x0800345e        0x2 
 .text.__NVIC_SetPriorityGrouping
                0x08003460       0x48 build/stm32f4xx_hal_cortex.o
 .text.__NVIC_GetPriorityGrouping
                0x080034a8       0x1c build/stm32f4xx_hal_cortex.o
 .text.__NVIC_EnableIRQ
                0x080034c4       0x3c build/stm32f4xx_hal_cortex.o
 .text.__NVIC_SetPriority
                0x08003500       0x54 build/stm32f4xx_hal_cortex.o
 .text.NVIC_EncodePriority
                0x08003554       0x66 build/stm32f4xx_hal_cortex.o
 *fill*         0x080035ba        0x2 
 .text.SysTick_Config
                0x080035bc       0x44 build/stm32f4xx_hal_cortex.o
 .text.HAL_NVIC_SetPriorityGrouping
                0x08003600       0x16 build/stm32f4xx_hal_cortex.o
                0x08003600                HAL_NVIC_SetPriorityGrouping
 .text.HAL_NVIC_SetPriority
                0x08003616       0x38 build/stm32f4xx_hal_cortex.o
                0x08003616                HAL_NVIC_SetPriority
 .text.HAL_NVIC_EnableIRQ
                0x0800364e       0x1c build/stm32f4xx_hal_cortex.o
                0x0800364e                HAL_NVIC_EnableIRQ
 .text.HAL_SYSTICK_Config
                0x0800366a       0x18 build/stm32f4xx_hal_cortex.o
                0x0800366a                HAL_SYSTICK_Config
 *fill*         0x08003682        0x2 
 .text.HAL_Init
                0x08003684       0x44 build/stm32f4xx_hal.o
                0x08003684                HAL_Init
 .text.HAL_InitTick
                0x080036c8       0x60 build/stm32f4xx_hal.o
                0x080036c8                HAL_InitTick
 .text.HAL_IncTick
                0x08003728       0x28 build/stm32f4xx_hal.o
                0x08003728                HAL_IncTick
 .text.HAL_GetTick
                0x08003750       0x18 build/stm32f4xx_hal.o
                0x08003750                HAL_GetTick
 .text.HAL_Delay
                0x08003768       0x48 build/stm32f4xx_hal.o
                0x08003768                HAL_Delay
 .text.SystemInit
                0x080037b0       0x24 build/system_stm32f4xx.o
                0x080037b0                SystemInit
 .text.HAL_ADC_Init
                0x080037d4       0x86 build/stm32f4xx_hal_adc.o
                0x080037d4                HAL_ADC_Init
 *fill*         0x0800385a        0x2 
 .text.HAL_ADC_Start
                0x0800385c      0x168 build/stm32f4xx_hal_adc.o
                0x0800385c                HAL_ADC_Start
 .text.HAL_ADC_PollForConversion
                0x080039c4      0x116 build/stm32f4xx_hal_adc.o
                0x080039c4                HAL_ADC_PollForConversion
 .text.HAL_ADC_GetValue
                0x08003ada       0x1a build/stm32f4xx_hal_adc.o
                0x08003ada                HAL_ADC_GetValue
 .text.HAL_ADC_ConfigChannel
                0x08003af4      0x264 build/stm32f4xx_hal_adc.o
                0x08003af4                HAL_ADC_ConfigChannel
 .text.ADC_Init
                0x08003d58      0x1f8 build/stm32f4xx_hal_adc.o
 .text.MX_USB_DEVICE_Init
                0x08003f50       0x60 build/usb_device.o
                0x08003f50                MX_USB_DEVICE_Init
 .text.USBD_FS_DeviceDescriptor
                0x08003fb0       0x24 build/usbd_desc.o
                0x08003fb0                USBD_FS_DeviceDescriptor
 .text.USBD_FS_LangIDStrDescriptor
                0x08003fd4       0x24 build/usbd_desc.o
                0x08003fd4                USBD_FS_LangIDStrDescriptor
 .text.USBD_FS_ProductStrDescriptor
                0x08003ff8       0x3c build/usbd_desc.o
                0x08003ff8                USBD_FS_ProductStrDescriptor
 .text.USBD_FS_ManufacturerStrDescriptor
                0x08004034       0x28 build/usbd_desc.o
                0x08004034                USBD_FS_ManufacturerStrDescriptor
 .text.USBD_FS_SerialStrDescriptor
                0x0800405c       0x24 build/usbd_desc.o
                0x0800405c                USBD_FS_SerialStrDescriptor
 .text.USBD_FS_ConfigStrDescriptor
                0x08004080       0x3c build/usbd_desc.o
                0x08004080                USBD_FS_ConfigStrDescriptor
 .text.USBD_FS_InterfaceStrDescriptor
                0x080040bc       0x3c build/usbd_desc.o
                0x080040bc                USBD_FS_InterfaceStrDescriptor
 .text.Get_SerialNum
                0x080040f8       0x58 build/usbd_desc.o
 .text.IntToUnicode
                0x08004150       0x7e build/usbd_desc.o
 *fill*         0x080041ce        0x2 
 .text.CDC_Init_FS
                0x080041d0       0x28 build/usbd_cdc_if.o
 .text.CDC_DeInit_FS
                0x080041f8       0x10 build/usbd_cdc_if.o
 .text.CDC_Control_FS
                0x08004208       0xbc build/usbd_cdc_if.o
 .text.CDC_Receive_FS
                0x080042c4       0x28 build/usbd_cdc_if.o
 .text.CDC_Transmit_FS
                0x080042ec       0x4c build/usbd_cdc_if.o
                0x080042ec                CDC_Transmit_FS
 .text.CDC_TransmitCplt_FS
                0x08004338       0x22 build/usbd_cdc_if.o
 *fill*         0x0800435a        0x2 
 .text.HAL_PCD_MspInit
                0x0800435c       0xa8 build/usbd_conf.o
                0x0800435c                HAL_PCD_MspInit
 .text.HAL_PCD_SetupStageCallback
                0x08004404       0x24 build/usbd_conf.o
                0x08004404                HAL_PCD_SetupStageCallback
 .text.HAL_PCD_DataOutStageCallback
                0x08004428       0x36 build/usbd_conf.o
                0x08004428                HAL_PCD_DataOutStageCallback
 .text.HAL_PCD_DataInStageCallback
                0x0800445e       0x34 build/usbd_conf.o
                0x0800445e                HAL_PCD_DataInStageCallback
 .text.HAL_PCD_SOFCallback
                0x08004492       0x1c build/usbd_conf.o
                0x08004492                HAL_PCD_SOFCallback
 .text.HAL_PCD_ResetCallback
                0x080044ae       0x3c build/usbd_conf.o
                0x080044ae                HAL_PCD_ResetCallback
 *fill*         0x080044ea        0x2 
 .text.HAL_PCD_SuspendCallback
                0x080044ec       0x4c build/usbd_conf.o
                0x080044ec                HAL_PCD_SuspendCallback
 .text.HAL_PCD_ResumeCallback
                0x08004538       0x1c build/usbd_conf.o
                0x08004538                HAL_PCD_ResumeCallback
 .text.HAL_PCD_ISOOUTIncompleteCallback
                0x08004554       0x24 build/usbd_conf.o
                0x08004554                HAL_PCD_ISOOUTIncompleteCallback
 .text.HAL_PCD_ISOINIncompleteCallback
                0x08004578       0x24 build/usbd_conf.o
                0x08004578                HAL_PCD_ISOINIncompleteCallback
 .text.HAL_PCD_ConnectCallback
                0x0800459c       0x1c build/usbd_conf.o
                0x0800459c                HAL_PCD_ConnectCallback
 .text.HAL_PCD_DisconnectCallback
                0x080045b8       0x1c build/usbd_conf.o
                0x080045b8                HAL_PCD_DisconnectCallback
 .text.USBD_LL_Init
                0x080045d4       0x98 build/usbd_conf.o
                0x080045d4                USBD_LL_Init
 .text.USBD_LL_Start
                0x0800466c       0x36 build/usbd_conf.o
                0x0800466c                USBD_LL_Start
 .text.USBD_LL_OpenEP
                0x080046a2       0x4c build/usbd_conf.o
                0x080046a2                USBD_LL_OpenEP
 .text.USBD_LL_CloseEP
                0x080046ee       0x3e build/usbd_conf.o
                0x080046ee                USBD_LL_CloseEP
 .text.USBD_LL_StallEP
                0x0800472c       0x3e build/usbd_conf.o
                0x0800472c                USBD_LL_StallEP
 .text.USBD_LL_ClearStallEP
                0x0800476a       0x3e build/usbd_conf.o
                0x0800476a                USBD_LL_ClearStallEP
 .text.USBD_LL_IsStallEP
                0x080047a8       0x58 build/usbd_conf.o
                0x080047a8                USBD_LL_IsStallEP
 .text.USBD_LL_SetUSBAddress
                0x08004800       0x3e build/usbd_conf.o
                0x08004800                USBD_LL_SetUSBAddress
 .text.USBD_LL_Transmit
                0x0800483e       0x42 build/usbd_conf.o
                0x0800483e                USBD_LL_Transmit
 .text.USBD_LL_PrepareReceive
                0x08004880       0x42 build/usbd_conf.o
                0x08004880                USBD_LL_PrepareReceive
 .text.USBD_LL_GetRxDataSize
                0x080048c2       0x26 build/usbd_conf.o
                0x080048c2                USBD_LL_GetRxDataSize
 .text.USBD_static_malloc
                0x080048e8       0x1c build/usbd_conf.o
                0x080048e8                USBD_static_malloc
 .text.USBD_static_free
                0x08004904       0x14 build/usbd_conf.o
                0x08004904                USBD_static_free
 .text.USBD_Get_USB_Status
                0x08004918       0x58 build/usbd_conf.o
                0x08004918                USBD_Get_USB_Status
 .text.HAL_PCD_Init
                0x08004970      0x23a build/stm32f4xx_hal_pcd.o
                0x08004970                HAL_PCD_Init
 .text.HAL_PCD_Start
                0x08004baa       0x66 build/stm32f4xx_hal_pcd.o
                0x08004baa                HAL_PCD_Start
 .text.HAL_PCD_IRQHandler
                0x08004c10      0x93e build/stm32f4xx_hal_pcd.o
                0x08004c10                HAL_PCD_IRQHandler
 .text.HAL_PCD_SetAddress
                0x0800554e       0x4a build/stm32f4xx_hal_pcd.o
                0x0800554e                HAL_PCD_SetAddress
 .text.HAL_PCD_EP_Open
                0x08005598       0xd0 build/stm32f4xx_hal_pcd.o
                0x08005598                HAL_PCD_EP_Open
 .text.HAL_PCD_EP_Close
                0x08005668       0x94 build/stm32f4xx_hal_pcd.o
                0x08005668                HAL_PCD_EP_Close
 .text.HAL_PCD_EP_Receive
                0x080056fc       0x96 build/stm32f4xx_hal_pcd.o
                0x080056fc                HAL_PCD_EP_Receive
 .text.HAL_PCD_EP_GetRxCount
                0x08005792       0x30 build/stm32f4xx_hal_pcd.o
                0x08005792                HAL_PCD_EP_GetRxCount
 .text.HAL_PCD_EP_Transmit
                0x080057c2       0x94 build/stm32f4xx_hal_pcd.o
                0x080057c2                HAL_PCD_EP_Transmit
 .text.HAL_PCD_EP_SetStall
                0x08005856       0xc8 build/stm32f4xx_hal_pcd.o
                0x08005856                HAL_PCD_EP_SetStall
 .text.HAL_PCD_EP_ClrStall
                0x0800591e       0xac build/stm32f4xx_hal_pcd.o
                0x0800591e                HAL_PCD_EP_ClrStall
 .text.HAL_PCD_EP_Abort
                0x080059ca       0x62 build/stm32f4xx_hal_pcd.o
                0x080059ca                HAL_PCD_EP_Abort
 .text.PCD_WriteEmptyTxFifo
                0x08005a2c      0x11a build/stm32f4xx_hal_pcd.o
 *fill*         0x08005b46        0x2 
 .text.PCD_EP_OutXfrComplete_int
                0x08005b48      0x1d0 build/stm32f4xx_hal_pcd.o
 .text.PCD_EP_OutSetupPacket_int
                0x08005d18       0x8c build/stm32f4xx_hal_pcd.o
 .text.HAL_PCDEx_SetTxFiFo
                0x08005da4       0x8e build/stm32f4xx_hal_pcd_ex.o
                0x08005da4                HAL_PCDEx_SetTxFiFo
 .text.HAL_PCDEx_SetRxFiFo
                0x08005e32       0x22 build/stm32f4xx_hal_pcd_ex.o
                0x08005e32                HAL_PCDEx_SetRxFiFo
 .text.HAL_PCDEx_LPM_Callback
                0x08005e54       0x18 build/stm32f4xx_hal_pcd_ex.o
                0x08005e54                HAL_PCDEx_LPM_Callback
 .text.USB_CoreInit
                0x08005e6c       0xc2 build/stm32f4xx_ll_usb.o
                0x08005e6c                USB_CoreInit
 *fill*         0x08005f2e        0x2 
 .text.USB_SetTurnaroundTime
                0x08005f30      0x144 build/stm32f4xx_ll_usb.o
                0x08005f30                USB_SetTurnaroundTime
 .text.USB_EnableGlobalInt
                0x08006074       0x22 build/stm32f4xx_ll_usb.o
                0x08006074                USB_EnableGlobalInt
 .text.USB_DisableGlobalInt
                0x08006096       0x22 build/stm32f4xx_ll_usb.o
                0x08006096                USB_DisableGlobalInt
 .text.USB_SetCurrentMode
                0x080060b8       0x98 build/stm32f4xx_ll_usb.o
                0x080060b8                USB_SetCurrentMode
 .text.USB_DevInit
                0x08006150      0x2c8 build/stm32f4xx_ll_usb.o
                0x08006150                USB_DevInit
 .text.USB_FlushTxFifo
                0x08006418       0x68 build/stm32f4xx_ll_usb.o
                0x08006418                USB_FlushTxFifo
 .text.USB_FlushRxFifo
                0x08006480       0x60 build/stm32f4xx_ll_usb.o
                0x08006480                USB_FlushRxFifo
 .text.USB_SetDevSpeed
                0x080064e0       0x32 build/stm32f4xx_ll_usb.o
                0x080064e0                USB_SetDevSpeed
 .text.USB_GetDevSpeed
                0x08006512       0x4a build/stm32f4xx_ll_usb.o
                0x08006512                USB_GetDevSpeed
 .text.USB_ActivateEndpoint
                0x0800655c      0x10e build/stm32f4xx_ll_usb.o
                0x0800655c                USB_ActivateEndpoint
 *fill*         0x0800666a        0x2 
 .text.USB_DeactivateEndpoint
                0x0800666c      0x1b8 build/stm32f4xx_ll_usb.o
                0x0800666c                USB_DeactivateEndpoint
 .text.USB_EPStartXfer
                0x08006824      0x490 build/stm32f4xx_ll_usb.o
                0x08006824                USB_EPStartXfer
 .text.USB_EP0StartXfer
                0x08006cb4      0x2b0 build/stm32f4xx_ll_usb.o
                0x08006cb4                USB_EP0StartXfer
 .text.USB_EPStopXfer
                0x08006f64      0x154 build/stm32f4xx_ll_usb.o
                0x08006f64                USB_EPStopXfer
 .text.USB_WritePacket
                0x080070b8       0x7c build/stm32f4xx_ll_usb.o
                0x080070b8                USB_WritePacket
 .text.USB_ReadPacket
                0x08007134       0xb0 build/stm32f4xx_ll_usb.o
                0x08007134                USB_ReadPacket
 .text.USB_EPSetStall
                0x080071e4       0xdc build/stm32f4xx_ll_usb.o
                0x080071e4                USB_EPSetStall
 .text.USB_EPClearStall
                0x080072c0       0xcc build/stm32f4xx_ll_usb.o
                0x080072c0                USB_EPClearStall
 .text.USB_SetDevAddress
                0x0800738c       0x4c build/stm32f4xx_ll_usb.o
                0x0800738c                USB_SetDevAddress
 .text.USB_DevConnect
                0x080073d8       0x42 build/stm32f4xx_ll_usb.o
                0x080073d8                USB_DevConnect
 .text.USB_DevDisconnect
                0x0800741a       0x42 build/stm32f4xx_ll_usb.o
                0x0800741a                USB_DevDisconnect
 .text.USB_ReadInterrupts
                0x0800745c       0x26 build/stm32f4xx_ll_usb.o
                0x0800745c                USB_ReadInterrupts
 .text.USB_ReadDevAllOutEpInterrupt
                0x08007482       0x34 build/stm32f4xx_ll_usb.o
                0x08007482                USB_ReadDevAllOutEpInterrupt
 .text.USB_ReadDevAllInEpInterrupt
                0x080074b6       0x34 build/stm32f4xx_ll_usb.o
                0x080074b6                USB_ReadDevAllInEpInterrupt
 .text.USB_ReadDevOutEPInterrupt
                0x080074ea       0x3c build/stm32f4xx_ll_usb.o
                0x080074ea                USB_ReadDevOutEPInterrupt
 .text.USB_ReadDevInEPInterrupt
                0x08007526       0x5c build/stm32f4xx_ll_usb.o
                0x08007526                USB_ReadDevInEPInterrupt
 .text.USB_GetMode
                0x08007582       0x1c build/stm32f4xx_ll_usb.o
                0x08007582                USB_GetMode
 .text.USB_ActivateSetup
                0x0800759e       0x46 build/stm32f4xx_ll_usb.o
                0x0800759e                USB_ActivateSetup
 .text.USB_EP0_OutStart
                0x080075e4       0xbc build/stm32f4xx_ll_usb.o
                0x080075e4                USB_EP0_OutStart
 .text.USB_CoreReset
                0x080076a0       0x68 build/stm32f4xx_ll_usb.o
 .text.USBD_Init
                0x08007708       0x60 build/usbd_core.o
                0x08007708                USBD_Init
 .text.USBD_RegisterClass
                0x08007768       0x6c build/usbd_core.o
                0x08007768                USBD_RegisterClass
 .text.USBD_Start
                0x080077d4       0x18 build/usbd_core.o
                0x080077d4                USBD_Start
 .text.USBD_RunTestMode
                0x080077ec       0x16 build/usbd_core.o
                0x080077ec                USBD_RunTestMode
 .text.USBD_SetClassConfig
                0x08007802       0x38 build/usbd_core.o
                0x08007802                USBD_SetClassConfig
 .text.USBD_ClrClassConfig
                0x0800783a       0x34 build/usbd_core.o
                0x0800783a                USBD_ClrClassConfig
 .text.USBD_LL_SetupStage
                0x0800786e       0xaa build/usbd_core.o
                0x0800786e                USBD_LL_SetupStage
 .text.USBD_LL_DataOutStage
                0x08007918      0x166 build/usbd_core.o
                0x08007918                USBD_LL_DataOutStage
 .text.USBD_LL_DataInStage
                0x08007a7e      0x164 build/usbd_core.o
                0x08007a7e                USBD_LL_DataInStage
 .text.USBD_LL_Reset
                0x08007be2       0xa4 build/usbd_core.o
                0x08007be2                USBD_LL_Reset
 .text.USBD_LL_SetSpeed
                0x08007c86       0x20 build/usbd_core.o
                0x08007c86                USBD_LL_SetSpeed
 .text.USBD_LL_Suspend
                0x08007ca6       0x2c build/usbd_core.o
                0x08007ca6                USBD_LL_Suspend
 .text.USBD_LL_Resume
                0x08007cd2       0x30 build/usbd_core.o
                0x08007cd2                USBD_LL_Resume
 .text.USBD_LL_SOF
                0x08007d02       0x40 build/usbd_core.o
                0x08007d02                USBD_LL_SOF
 .text.USBD_LL_IsoINIncomplete
                0x08007d42       0x64 build/usbd_core.o
                0x08007d42                USBD_LL_IsoINIncomplete
 .text.USBD_LL_IsoOUTIncomplete
                0x08007da6       0x64 build/usbd_core.o
                0x08007da6                USBD_LL_IsoOUTIncomplete
 .text.USBD_LL_DevConnected
                0x08007e0a       0x16 build/usbd_core.o
                0x08007e0a                USBD_LL_DevConnected
 .text.USBD_LL_DevDisconnected
                0x08007e20       0x46 build/usbd_core.o
                0x08007e20                USBD_LL_DevDisconnected
 .text.USBD_CoreFindIF
                0x08007e66       0x1a build/usbd_core.o
                0x08007e66                USBD_CoreFindIF
 .text.USBD_CoreFindEP
                0x08007e80       0x1a build/usbd_core.o
                0x08007e80                USBD_CoreFindEP
 .text.USBD_GetEpDesc
                0x08007e9a       0x74 build/usbd_core.o
                0x08007e9a                USBD_GetEpDesc
 .text.USBD_GetNextDesc
                0x08007f0e       0x3a build/usbd_core.o
                0x08007f0e                USBD_GetNextDesc
 .text.SWAPBYTE
                0x08007f48       0x3c build/usbd_ctlreq.o
 .text.USBD_StdDevReq
                0x08007f84       0xe4 build/usbd_ctlreq.o
                0x08007f84                USBD_StdDevReq
 .text.USBD_StdItfReq
                0x08008068       0xd8 build/usbd_ctlreq.o
                0x08008068                USBD_StdItfReq
 .text.USBD_StdEPReq
                0x08008140      0x33a build/usbd_ctlreq.o
                0x08008140                USBD_StdEPReq
 *fill*         0x0800847a        0x2 
 .text.USBD_GetDescriptor
                0x0800847c      0x2d4 build/usbd_ctlreq.o
 .text.USBD_SetAddress
                0x08008750       0x88 build/usbd_ctlreq.o
 .text.USBD_SetConfig
                0x080087d8      0x154 build/usbd_ctlreq.o
 .text.USBD_GetConfig
                0x0800892c       0x6c build/usbd_ctlreq.o
 .text.USBD_GetStatus
                0x08008998       0x68 build/usbd_ctlreq.o
 .text.USBD_SetFeature
                0x08008a00       0x52 build/usbd_ctlreq.o
 .text.USBD_ClrFeature
                0x08008a52       0x44 build/usbd_ctlreq.o
 .text.USBD_ParseSetupRequest
                0x08008a96       0x74 build/usbd_ctlreq.o
                0x08008a96                USBD_ParseSetupRequest
 .text.USBD_CtlError
                0x08008b0a       0x22 build/usbd_ctlreq.o
                0x08008b0a                USBD_CtlError
 .text.USBD_GetString
                0x08008b2c       0x8c build/usbd_ctlreq.o
                0x08008b2c                USBD_GetString
 .text.USBD_GetLen
                0x08008bb8       0x34 build/usbd_ctlreq.o
 .text.USBD_CtlSendData
                0x08008bec       0x36 build/usbd_ioreq.o
                0x08008bec                USBD_CtlSendData
 .text.USBD_CtlContinueSendData
                0x08008c22       0x22 build/usbd_ioreq.o
                0x08008c22                USBD_CtlContinueSendData
 .text.USBD_CtlPrepareRx
                0x08008c44       0x3a build/usbd_ioreq.o
                0x08008c44                USBD_CtlPrepareRx
 .text.USBD_CtlContinueRx
                0x08008c7e       0x22 build/usbd_ioreq.o
                0x08008c7e                USBD_CtlContinueRx
 .text.USBD_CtlSendStatus
                0x08008ca0       0x26 build/usbd_ioreq.o
                0x08008ca0                USBD_CtlSendStatus
 .text.USBD_CtlReceiveStatus
                0x08008cc6       0x26 build/usbd_ioreq.o
                0x08008cc6                USBD_CtlReceiveStatus
 .text.USBD_CDC_Init
                0x08008cec      0x1f0 build/usbd_cdc.o
 .text.USBD_CDC_DeInit
                0x08008edc      0x104 build/usbd_cdc.o
 .text.USBD_CDC_Setup
                0x08008fe0      0x1b8 build/usbd_cdc.o
 .text.USBD_CDC_DataIn
                0x08009198       0xfe build/usbd_cdc.o
 .text.USBD_CDC_DataOut
                0x08009296       0x70 build/usbd_cdc.o
 .text.USBD_CDC_EP0_RxReady
                0x08009306       0x76 build/usbd_cdc.o
 .text.USBD_CDC_GetFSCfgDesc
                0x0800937c       0x70 build/usbd_cdc.o
 .text.USBD_CDC_GetHSCfgDesc
                0x080093ec       0x70 build/usbd_cdc.o
 .text.USBD_CDC_GetOtherSpeedCfgDesc
                0x0800945c       0x70 build/usbd_cdc.o
 .text.USBD_CDC_GetDeviceQualifierDescriptor
                0x080094cc       0x20 build/usbd_cdc.o
                0x080094cc                USBD_CDC_GetDeviceQualifierDescriptor
 .text.USBD_CDC_RegisterInterface
                0x080094ec       0x34 build/usbd_cdc.o
                0x080094ec                USBD_CDC_RegisterInterface
 .text.USBD_CDC_SetTxBuffer
                0x08009520       0x44 build/usbd_cdc.o
                0x08009520                USBD_CDC_SetTxBuffer
 .text.USBD_CDC_SetRxBuffer
                0x08009564       0x3a build/usbd_cdc.o
                0x08009564                USBD_CDC_SetRxBuffer
 *fill*         0x0800959e        0x2 
 .text.USBD_CDC_TransmitPacket
                0x080095a0       0x8c build/usbd_cdc.o
                0x080095a0                USBD_CDC_TransmitPacket
 .text.USBD_CDC_ReceivePacket
                0x0800962c       0x6c build/usbd_cdc.o
                0x0800962c                USBD_CDC_ReceivePacket
 .text.Reset_Handler
                0x08009698       0x50 build/startup_stm32f411xe.o
                0x08009698                Reset_Handler
 .text.Default_Handler
                0x080096e8        0x2 build/startup_stm32f411xe.o
                0x080096e8                RTC_Alarm_IRQHandler
                0x080096e8                EXTI2_IRQHandler
                0x080096e8                SPI4_IRQHandler
                0x080096e8                TIM1_CC_IRQHandler
                0x080096e8                DMA2_Stream5_IRQHandler
                0x080096e8                DMA1_Stream5_IRQHandler
                0x080096e8                PVD_IRQHandler
                0x080096e8                SDIO_IRQHandler
                0x080096e8                TAMP_STAMP_IRQHandler
                0x080096e8                EXTI3_IRQHandler
                0x080096e8                TIM1_UP_TIM10_IRQHandler
                0x080096e8                I2C3_ER_IRQHandler
                0x080096e8                EXTI0_IRQHandler
                0x080096e8                I2C2_EV_IRQHandler
                0x080096e8                DMA1_Stream2_IRQHandler
                0x080096e8                FPU_IRQHandler
                0x080096e8                DMA2_Stream2_IRQHandler
                0x080096e8                SPI1_IRQHandler
                0x080096e8                TIM1_BRK_TIM9_IRQHandler
                0x080096e8                DMA2_Stream3_IRQHandler
                0x080096e8                USART6_IRQHandler
                0x080096e8                DMA2_Stream0_IRQHandler
                0x080096e8                I2C1_EV_IRQHandler
                0x080096e8                DMA1_Stream6_IRQHandler
                0x080096e8                DMA1_Stream1_IRQHandler
                0x080096e8                TIM3_IRQHandler
                0x080096e8                RCC_IRQHandler
                0x080096e8                Default_Handler
                0x080096e8                EXTI15_10_IRQHandler
                0x080096e8                ADC_IRQHandler
                0x080096e8                DMA1_Stream7_IRQHandler
                0x080096e8                SPI5_IRQHandler
                0x080096e8                TIM5_IRQHandler
                0x080096e8                DMA2_Stream7_IRQHandler
                0x080096e8                I2C3_EV_IRQHandler
                0x080096e8                EXTI9_5_IRQHandler
                0x080096e8                RTC_WKUP_IRQHandler
                0x080096e8                SPI2_IRQHandler
                0x080096e8                DMA1_Stream0_IRQHandler
                0x080096e8                EXTI4_IRQHandler
                0x080096e8                WWDG_IRQHandler
                0x080096e8                TIM2_IRQHandler
                0x080096e8                OTG_FS_WKUP_IRQHandler
                0x080096e8                TIM1_TRG_COM_TIM11_IRQHandler
                0x080096e8                EXTI1_IRQHandler
                0x080096e8                USART2_IRQHandler
                0x080096e8                I2C2_ER_IRQHandler
                0x080096e8                DMA2_Stream1_IRQHandler
                0x080096e8                FLASH_IRQHandler
                0x080096e8                DMA2_Stream4_IRQHandler
                0x080096e8                USART1_IRQHandler
                0x080096e8                SPI3_IRQHandler
                0x080096e8                DMA1_Stream4_IRQHandler
                0x080096e8                I2C1_ER_IRQHandler
                0x080096e8                DMA2_Stream6_IRQHandler
                0x080096e8                DMA1_Stream3_IRQHandler
 *fill*         0x080096ea        0x2 
 .text.sprintf  0x080096ec       0x40 c:/arm-gcc/tools/tools/arm-gnu-toolchain-11.3.rel1-mingw-w64-i686-arm-none-eabi/bin/../lib/gcc/arm-none-eabi/11.3.1/thumb/v7e-m+fp/hard\libc_nano.a(libc_a-sprintf.o)
                0x080096ec                siprintf
                0x080096ec                sprintf
 .text.memset   0x0800972c       0x10 c:/arm-gcc/tools/tools/arm-gnu-toolchain-11.3.rel1-mingw-w64-i686-arm-none-eabi/bin/../lib/gcc/arm-none-eabi/11.3.1/thumb/v7e-m+fp/hard\libc_nano.a(libc_a-memset.o)
                0x0800972c                memset
 .text.__libc_init_array
                0x0800973c       0x48 c:/arm-gcc/tools/tools/arm-gnu-toolchain-11.3.rel1-mingw-w64-i686-arm-none-eabi/bin/../lib/gcc/arm-none-eabi/11.3.1/thumb/v7e-m+fp/hard\libc_nano.a(libc_a-init.o)
                0x0800973c                __libc_init_array
 .text.__retarget_lock_acquire_recursive
                0x08009784        0x2 c:/arm-gcc/tools/tools/arm-gnu-toolchain-11.3.rel1-mingw-w64-i686-arm-none-eabi/bin/../lib/gcc/arm-none-eabi/11.3.1/thumb/v7e-m+fp/hard\libc_nano.a(libc_a-lock.o)
                0x08009784                __retarget_lock_acquire_recursive
 .text.__retarget_lock_release_recursive
                0x08009786        0x2 c:/arm-gcc/tools/tools/arm-gnu-toolchain-11.3.rel1-mingw-w64-i686-arm-none-eabi/bin/../lib/gcc/arm-none-eabi/11.3.1/thumb/v7e-m+fp/hard\libc_nano.a(libc_a-lock.o)
                0x08009786                __retarget_lock_release_recursive
 .text._free_r  0x08009788       0x98 c:/arm-gcc/tools/tools/arm-gnu-toolchain-11.3.rel1-mingw-w64-i686-arm-none-eabi/bin/../lib/gcc/arm-none-eabi/11.3.1/thumb/v7e-m+fp/hard\libc_nano.a(libc_a-freer.o)
                0x08009788                _free_r
 .text.sbrk_aligned
                0x08009820       0x40 c:/arm-gcc/tools/tools/arm-gnu-toolchain-11.3.rel1-mingw-w64-i686-arm-none-eabi/bin/../lib/gcc/arm-none-eabi/11.3.1/thumb/v7e-m+fp/hard\libc_nano.a(libc_a-mallocr.o)
 .text._malloc_r
                0x08009860       0xec c:/arm-gcc/tools/tools/arm-gnu-toolchain-11.3.rel1-mingw-w64-i686-arm-none-eabi/bin/../lib/gcc/arm-none-eabi/11.3.1/thumb/v7e-m+fp/hard\libc_nano.a(libc_a-mallocr.o)
                0x08009860                _malloc_r
 .text.__malloc_lock
                0x0800994c        0xc c:/arm-gcc/tools/tools/arm-gnu-toolchain-11.3.rel1-mingw-w64-i686-arm-none-eabi/bin/../lib/gcc/arm-none-eabi/11.3.1/thumb/v7e-m+fp/hard\libc_nano.a(libc_a-mlock.o)
                0x0800994c                __malloc_lock
 .text.__malloc_unlock
                0x08009958        0xc c:/arm-gcc/tools/tools/arm-gnu-toolchain-11.3.rel1-mingw-w64-i686-arm-none-eabi/bin/../lib/gcc/arm-none-eabi/11.3.1/thumb/v7e-m+fp/hard\libc_nano.a(libc_a-mlock.o)
                0x08009958                __malloc_unlock
 .text.__ssputs_r
                0x08009964       0xb4 c:/arm-gcc/tools/tools/arm-gnu-toolchain-11.3.rel1-mingw-w64-i686-arm-none-eabi/bin/../lib/gcc/arm-none-eabi/11.3.1/thumb/v7e-m+fp/hard\libc_nano.a(libc_a-nano-svfprintf.o)
                0x08009964                __ssputs_r
 .text._svfprintf_r
                0x08009a18      0x1fc c:/arm-gcc/tools/tools/arm-gnu-toolchain-11.3.rel1-mingw-w64-i686-arm-none-eabi/bin/../lib/gcc/arm-none-eabi/11.3.1/thumb/v7e-m+fp/hard\libc_nano.a(libc_a-nano-svfprintf.o)
                0x08009a18                _svfiprintf_r
                0x08009a18                _svfprintf_r
 .text._printf_common
                0x08009c14       0xda c:/arm-gcc/tools/tools/arm-gnu-toolchain-11.3.rel1-mingw-w64-i686-arm-none-eabi/bin/../lib/gcc/arm-none-eabi/11.3.1/thumb/v7e-m+fp/hard\libc_nano.a(libc_a-nano-vfprintf_i.o)
                0x08009c14                _printf_common
 *fill*         0x08009cee        0x2 
 .text._printf_i
                0x08009cf0      0x244 c:/arm-gcc/tools/tools/arm-gnu-toolchain-11.3.rel1-mingw-w64-i686-arm-none-eabi/bin/../lib/gcc/arm-none-eabi/11.3.1/thumb/v7e-m+fp/hard\libc_nano.a(libc_a-nano-vfprintf_i.o)
                0x08009cf0                _printf_i
 .text.memmove  0x08009f34       0x34 c:/arm-gcc/tools/tools/arm-gnu-toolchain-11.3.rel1-mingw-w64-i686-arm-none-eabi/bin/../lib/gcc/arm-none-eabi/11.3.1/thumb/v7e-m+fp/hard\libc_nano.a(libc_a-memmove.o)
                0x08009f34                memmove
 .text._sbrk_r  0x08009f68       0x20 c:/arm-gcc/tools/tools/arm-gnu-toolchain-11.3.rel1-mingw-w64-i686-arm-none-eabi/bin/../lib/gcc/arm-none-eabi/11.3.1/thumb/v7e-m+fp/hard\libc_nano.a(libc_a-sbrkr.o)
                0x08009f68                _sbrk_r
 .text.memcpy   0x08009f88       0x1c c:/arm-gcc/tools/tools/arm-gnu-toolchain-11.3.rel1-mingw-w64-i686-arm-none-eabi/bin/../lib/gcc/arm-none-eabi/11.3.1/thumb/v7e-m+fp/hard\libc_nano.a(libc_a-memcpy-stub.o)
                0x08009f88                memcpy
 .text._realloc_r
                0x08009fa4       0x5e c:/arm-gcc/tools/tools/arm-gnu-toolchain-11.3.rel1-mingw-w64-i686-arm-none-eabi/bin/../lib/gcc/arm-none-eabi/11.3.1/thumb/v7e-m+fp/hard\libc_nano.a(libc_a-reallocr.o)
                0x08009fa4                _realloc_r
 .text._malloc_usable_size_r
                0x0800a002       0x10 c:/arm-gcc/tools/tools/arm-gnu-toolchain-11.3.rel1-mingw-w64-i686-arm-none-eabi/bin/../lib/gcc/arm-none-eabi/11.3.1/thumb/v7e-m+fp/hard\libc_nano.a(libc_a-msizer.o)
                0x0800a002                _malloc_usable_size_r
 *fill*         0x0800a012        0x6 
 .text.log      0x0800a018       0x84 c:/arm-gcc/tools/tools/arm-gnu-toolchain-11.3.rel1-mingw-w64-i686-arm-none-eabi/bin/../lib/gcc/arm-none-eabi/11.3.1/thumb/v7e-m+fp/hard\libm.a(libm_a-w_log.o)
                0x0800a018                log
 *fill*         0x0800a09c        0x4 
 .text.nan      0x0800a0a0       0x10 c:/arm-gcc/tools/tools/arm-gnu-toolchain-11.3.rel1-mingw-w64-i686-arm-none-eabi/bin/../lib/gcc/arm-none-eabi/11.3.1/thumb/v7e-m+fp/hard\libm.a(libm_a-s_nan.o)
                0x0800a0a0                nan
 .text.__ieee754_log
                0x0800a0b0      0x438 c:/arm-gcc/tools/tools/arm-gnu-toolchain-11.3.rel1-mingw-w64-i686-arm-none-eabi/bin/../lib/gcc/arm-none-eabi/11.3.1/thumb/v7e-m+fp/hard\libm.a(libm_a-e_log.o)
                0x0800a0b0                __ieee754_log
 .text._sbrk    0x0800a4e8       0x1c c:/arm-gcc/tools/tools/arm-gnu-toolchain-11.3.rel1-mingw-w64-i686-arm-none-eabi/bin/../lib/gcc/arm-none-eabi/11.3.1/thumb/v7e-m+fp/hard\libnosys.a(sbrk.o)
                0x0800a4e8                _sbrk
 .text.__udivmoddi4
                0x0800a504      0x2c8 c:/arm-gcc/tools/tools/arm-gnu-toolchain-11.3.rel1-mingw-w64-i686-arm-none-eabi/bin/../lib/gcc/arm-none-eabi/11.3.1/thumb/v7e-m+fp/hard\libgcc.a(_udivmoddi4.o)
                0x0800a504                __udivmoddi4
 .text.__errno  0x0800a7cc        0xc c:/arm-gcc/tools/tools/arm-gnu-toolchain-11.3.rel1-mingw-w64-i686-arm-none-eabi/bin/../lib/gcc/arm-none-eabi/11.3.1/thumb/v7e-m+fp/hard\libc_nano.a(libc_a-errno.o)
                0x0800a7cc                __errno
 *(.glue_7)
 .glue_7        0x0800a7d8        0x0 linker stubs
 *(.glue_7t)
 .glue_7t       0x0800a7d8        0x0 linker stubs
 *(.eh_frame)
 .eh_frame      0x0800a7d8        0x0 c:/arm-gcc/tools/tools/arm-gnu-toolchain-11.3.rel1-mingw-w64-i686-arm-none-eabi/bin/../lib/gcc/arm-none-eabi/11.3.1/thumb/v7e-m+fp/hard/crtbegin.o
 *(.init)
 .init          0x0800a7d8        0x4 c:/arm-gcc/tools/tools/arm-gnu-toolchain-11.3.rel1-mingw-w64-i686-arm-none-eabi/bin/../lib/gcc/arm-none-eabi/11.3.1/thumb/v7e-m+fp/hard/crti.o
                0x0800a7d8                _init
 .init          0x0800a7dc        0x8 c:/arm-gcc/tools/tools/arm-gnu-toolchain-11.3.rel1-mingw-w64-i686-arm-none-eabi/bin/../lib/gcc/arm-none-eabi/11.3.1/thumb/v7e-m+fp/hard/crtn.o
 *(.fini)
 .fini          0x0800a7e4        0x4 c:/arm-gcc/tools/tools/arm-gnu-toolchain-11.3.rel1-mingw-w64-i686-arm-none-eabi/bin/../lib/gcc/arm-none-eabi/11.3.1/thumb/v7e-m+fp/hard/crti.o
                0x0800a7e4                _fini
 .fini          0x0800a7e8        0x8 c:/arm-gcc/tools/tools/arm-gnu-toolchain-11.3.rel1-mingw-w64-i686-arm-none-eabi/bin/../lib/gcc/arm-none-eabi/11.3.1/thumb/v7e-m+fp/hard/crtn.o
                0x0800a7f0                . = ALIGN (0x4)
                0x0800a7f0                _etext = .

.vfp11_veneer   0x0800a7f0        0x0
 .vfp11_veneer  0x0800a7f0        0x0 linker stubs

.v4_bx          0x0800a7f0        0x0
 .v4_bx         0x0800a7f0        0x0 linker stubs

.iplt           0x0800a7f0        0x0
 .iplt          0x0800a7f0        0x0 c:/arm-gcc/tools/tools/arm-gnu-toolchain-11.3.rel1-mingw-w64-i686-arm-none-eabi/bin/../lib/gcc/arm-none-eabi/11.3.1/thumb/v7e-m+fp/hard/crtbegin.o

.rodata         0x0800a7f0       0xa8
                0x0800a7f0                . = ALIGN (0x4)
 *(.rodata)
 .rodata        0x0800a7f0       0x17 build/main.o
 *fill*         0x0800a807        0x1 
 .rodata        0x0800a808       0x46 build/usbd_desc.o
 *(.rodata*)
 *fill*         0x0800a84e        0x2 
 .rodata.AHBPrescTable
                0x0800a850       0x10 build/system_stm32f4xx.o
                0x0800a850                AHBPrescTable
 .rodata._svfprintf_r.str1.1
                0x0800a860       0x11 c:/arm-gcc/tools/tools/arm-gnu-toolchain-11.3.rel1-mingw-w64-i686-arm-none-eabi/bin/../lib/gcc/arm-none-eabi/11.3.1/thumb/v7e-m+fp/hard\libc_nano.a(libc_a-nano-svfprintf.o)
 .rodata._printf_i.str1.1
                0x0800a871       0x22 c:/arm-gcc/tools/tools/arm-gnu-toolchain-11.3.rel1-mingw-w64-i686-arm-none-eabi/bin/../lib/gcc/arm-none-eabi/11.3.1/thumb/v7e-m+fp/hard\libc_nano.a(libc_a-nano-vfprintf_i.o)
 *fill*         0x0800a893        0x1 
 .rodata.log.str1.4
                0x0800a894        0x1 c:/arm-gcc/tools/tools/arm-gnu-toolchain-11.3.rel1-mingw-w64-i686-arm-none-eabi/bin/../lib/gcc/arm-none-eabi/11.3.1/thumb/v7e-m+fp/hard\libm.a(libm_a-w_log.o)
                0x0800a898                . = ALIGN (0x4)
 *fill*         0x0800a895        0x3 

.ARM.extab
 *(.ARM.extab* .gnu.linkonce.armextab.*)

.ARM            0x0800a898        0x8
                0x0800a898                __exidx_start = .
 *(.ARM.exidx*)
 .ARM.exidx.text.__udivmoddi4
                0x0800a898        0x8 c:/arm-gcc/tools/tools/arm-gnu-toolchain-11.3.rel1-mingw-w64-i686-arm-none-eabi/bin/../lib/gcc/arm-none-eabi/11.3.1/thumb/v7e-m+fp/hard\libgcc.a(_udivmoddi4.o)
                0x0800a8a0                __exidx_end = .

.rel.dyn        0x0800a8a0        0x0
 .rel.iplt      0x0800a8a0        0x0 c:/arm-gcc/tools/tools/arm-gnu-toolchain-11.3.rel1-mingw-w64-i686-arm-none-eabi/bin/../lib/gcc/arm-none-eabi/11.3.1/thumb/v7e-m+fp/hard/crtbegin.o

.preinit_array  0x0800a8a0        0x0
                0x0800a8a0                PROVIDE (__preinit_array_start = .)
 *(.preinit_array*)
                0x0800a8a0                PROVIDE (__preinit_array_end = .)

.init_array     0x0800a8a0        0x4
                0x0800a8a0                PROVIDE (__init_array_start = .)
 *(SORT_BY_NAME(.init_array.*))
 *(.init_array*)
 .init_array    0x0800a8a0        0x4 c:/arm-gcc/tools/tools/arm-gnu-toolchain-11.3.rel1-mingw-w64-i686-arm-none-eabi/bin/../lib/gcc/arm-none-eabi/11.3.1/thumb/v7e-m+fp/hard/crtbegin.o
                0x0800a8a4                PROVIDE (__init_array_end = .)

.fini_array     0x0800a8a4        0x4
                [!provide]                PROVIDE (__fini_array_start = .)
 *(SORT_BY_NAME(.fini_array.*))
 *(.fini_array*)
 .fini_array    0x0800a8a4        0x4 c:/arm-gcc/tools/tools/arm-gnu-toolchain-11.3.rel1-mingw-w64-i686-arm-none-eabi/bin/../lib/gcc/arm-none-eabi/11.3.1/thumb/v7e-m+fp/hard/crtbegin.o
                [!provide]                PROVIDE (__fini_array_end = .)
                0x0800a8a8                _sidata = LOADADDR (.data)

.data           0x20000000      0x158 load address 0x0800a8a8
                0x20000000                . = ALIGN (0x4)
                0x20000000                _sdata = .
 *(.data)
 *(.data*)
 .data.ref      0x20000000        0x2 build/main.o
                0x20000000                ref
 *fill*         0x20000002        0x2 
 .data.Kp       0x20000004        0x4 build/main.o
                0x20000004                Kp
 .data.Ki       0x20000008        0x1 build/main.o
                0x20000008                Ki
 .data.Kd       0x20000009        0x1 build/main.o
                0x20000009                Kd
 *fill*         0x2000000a        0x2 
 .data.uwTickPrio
                0x2000000c        0x4 build/stm32f4xx_hal.o
                0x2000000c                uwTickPrio
 .data.uwTickFreq
                0x20000010        0x1 build/stm32f4xx_hal.o
                0x20000010                uwTickFreq
 *fill*         0x20000011        0x3 
 .data.SystemCoreClock
                0x20000014        0x4 build/system_stm32f4xx.o
                0x20000014                SystemCoreClock
 .data.FS_Desc  0x20000018       0x1c build/usbd_desc.o
                0x20000018                FS_Desc
 .data.USBD_FS_DeviceDesc
                0x20000034       0x12 build/usbd_desc.o
                0x20000034                USBD_FS_DeviceDesc
 *fill*         0x20000046        0x2 
 .data.USBD_LangIDDesc
                0x20000048        0x4 build/usbd_desc.o
                0x20000048                USBD_LangIDDesc
 .data.USBD_StringSerial
                0x2000004c       0x1a build/usbd_desc.o
                0x2000004c                USBD_StringSerial
 *fill*         0x20000066        0x2 
 .data.USBD_Interface_fops_FS
                0x20000068       0x14 build/usbd_cdc_if.o
                0x20000068                USBD_Interface_fops_FS
 .data.USBD_CDC_DeviceQualifierDesc
                0x2000007c        0xa build/usbd_cdc.o
 *fill*         0x20000086        0x2 
 .data.USBD_CDC
                0x20000088       0x38 build/usbd_cdc.o
                0x20000088                USBD_CDC
 .data.USBD_CDC_CfgDesc
                0x200000c0       0x43 build/usbd_cdc.o
 .data.CDCInEpAdd
                0x20000103        0x1 build/usbd_cdc.o
 .data.CDCOutEpAdd
                0x20000104        0x1 build/usbd_cdc.o
 .data.CDCCmdEpAdd
                0x20000105        0x1 build/usbd_cdc.o
 *fill*         0x20000106        0x2 
 .data._impure_data
                0x20000108       0x4c c:/arm-gcc/tools/tools/arm-gnu-toolchain-11.3.rel1-mingw-w64-i686-arm-none-eabi/bin/../lib/gcc/arm-none-eabi/11.3.1/thumb/v7e-m+fp/hard\libc_nano.a(libc_a-impure.o)
                0x20000108                _impure_data
 .data._impure_ptr
                0x20000154        0x4 c:/arm-gcc/tools/tools/arm-gnu-toolchain-11.3.rel1-mingw-w64-i686-arm-none-eabi/bin/../lib/gcc/arm-none-eabi/11.3.1/thumb/v7e-m+fp/hard\libc_nano.a(libc_a-impure.o)
                0x20000154                _impure_ptr
                0x20000158                . = ALIGN (0x4)
                0x20000158                _edata = .

.tm_clone_table
                0x20000158        0x0 load address 0x0800aa00
 .tm_clone_table
                0x20000158        0x0 c:/arm-gcc/tools/tools/arm-gnu-toolchain-11.3.rel1-mingw-w64-i686-arm-none-eabi/bin/../lib/gcc/arm-none-eabi/11.3.1/thumb/v7e-m+fp/hard/crtbegin.o
 .tm_clone_table
                0x20000158        0x0 c:/arm-gcc/tools/tools/arm-gnu-toolchain-11.3.rel1-mingw-w64-i686-arm-none-eabi/bin/../lib/gcc/arm-none-eabi/11.3.1/thumb/v7e-m+fp/hard/crtend.o

.igot.plt       0x20000158        0x0 load address 0x0800aa00
 .igot.plt      0x20000158        0x0 c:/arm-gcc/tools/tools/arm-gnu-toolchain-11.3.rel1-mingw-w64-i686-arm-none-eabi/bin/../lib/gcc/arm-none-eabi/11.3.1/thumb/v7e-m+fp/hard/crtbegin.o
                0x20000158                . = ALIGN (0x4)

.bss            0x20000158     0x1f6c load address 0x0800aa00
                0x20000158                _sbss = .
                0x20000158                __bss_start__ = _sbss
 *(.bss)
 *(.bss*)
 .bss.completed.1
                0x20000158        0x1 c:/arm-gcc/tools/tools/arm-gnu-toolchain-11.3.rel1-mingw-w64-i686-arm-none-eabi/bin/../lib/gcc/arm-none-eabi/11.3.1/thumb/v7e-m+fp/hard/crtbegin.o
 *fill*         0x20000159        0x3 
 .bss.object.0  0x2000015c       0x18 c:/arm-gcc/tools/tools/arm-gnu-toolchain-11.3.rel1-mingw-w64-i686-arm-none-eabi/bin/../lib/gcc/arm-none-eabi/11.3.1/thumb/v7e-m+fp/hard/crtbegin.o
 .bss.hadc1     0x20000174       0x48 build/main.o
                0x20000174                hadc1
 .bss.htim3     0x200001bc       0x48 build/main.o
                0x200001bc                htim3
 .bss.htim4     0x20000204       0x48 build/main.o
                0x20000204                htim4
 .bss.read      0x2000024c        0x2 build/main.o
                0x2000024c                read
 .bss.temp      0x2000024e        0x2 build/main.o
                0x2000024e                temp
 .bss.buffer    0x20000250       0xff build/main.o
                0x20000250                buffer
 *fill*         0x2000034f        0x1 
 .bss.kp        0x20000350        0x2 build/main.o
                0x20000350                kp
 *fill*         0x20000352        0x2 
 .bss.err       0x20000354        0x4 build/main.o
                0x20000354                err
 .bss.prev_err  0x20000358        0x4 build/main.o
                0x20000358                prev_err
 .bss.integrationSum
                0x2000035c        0x2 build/main.o
                0x2000035c                integrationSum
 *fill*         0x2000035e        0x2 
 .bss.duty      0x20000360        0x4 build/main.o
                0x20000360                duty
 .bss.enablePID
                0x20000364        0x1 build/main.o
                0x20000364                enablePID
 *fill*         0x20000365        0x3 
 .bss.uwTick    0x20000368        0x4 build/stm32f4xx_hal.o
                0x20000368                uwTick
 .bss.hUsbDeviceFS
                0x2000036c      0x2dc build/usb_device.o
                0x2000036c                hUsbDeviceFS
 .bss.USBD_StrDesc
                0x20000648      0x200 build/usbd_desc.o
                0x20000648                USBD_StrDesc
 .bss.UserRxBufferFS
                0x20000848      0x800 build/usbd_cdc_if.o
                0x20000848                UserRxBufferFS
 .bss.UserTxBufferFS
                0x20001048      0x800 build/usbd_cdc_if.o
                0x20001048                UserTxBufferFS
 .bss.hpcd_USB_OTG_FS
                0x20001848      0x50c build/usbd_conf.o
                0x20001848                hpcd_USB_OTG_FS
 .bss.mem.0     0x20001d54      0x220 build/usbd_conf.o
 .bss.cfgidx.0  0x20001f74        0x1 build/usbd_ctlreq.o
 *fill*         0x20001f75        0x3 
 .bss.__sf      0x20001f78      0x138 c:/arm-gcc/tools/tools/arm-gnu-toolchain-11.3.rel1-mingw-w64-i686-arm-none-eabi/bin/../lib/gcc/arm-none-eabi/11.3.1/thumb/v7e-m+fp/hard\libc_nano.a(libc_a-findfp.o)
                0x20001f78                __sf
 .bss.errno     0x200020b0        0x4 c:/arm-gcc/tools/tools/arm-gnu-toolchain-11.3.rel1-mingw-w64-i686-arm-none-eabi/bin/../lib/gcc/arm-none-eabi/11.3.1/thumb/v7e-m+fp/hard\libc_nano.a(libc_a-reent.o)
                0x200020b0                errno
 .bss.__lock___malloc_recursive_mutex
                0x200020b4        0x1 c:/arm-gcc/tools/tools/arm-gnu-toolchain-11.3.rel1-mingw-w64-i686-arm-none-eabi/bin/../lib/gcc/arm-none-eabi/11.3.1/thumb/v7e-m+fp/hard\libc_nano.a(libc_a-lock.o)
                0x200020b4                __lock___malloc_recursive_mutex
 *fill*         0x200020b5        0x3 
 .bss.__malloc_free_list
                0x200020b8        0x4 c:/arm-gcc/tools/tools/arm-gnu-toolchain-11.3.rel1-mingw-w64-i686-arm-none-eabi/bin/../lib/gcc/arm-none-eabi/11.3.1/thumb/v7e-m+fp/hard\libc_nano.a(libc_a-mallocr.o)
                0x200020b8                __malloc_free_list
 .bss.__malloc_sbrk_start
                0x200020bc        0x4 c:/arm-gcc/tools/tools/arm-gnu-toolchain-11.3.rel1-mingw-w64-i686-arm-none-eabi/bin/../lib/gcc/arm-none-eabi/11.3.1/thumb/v7e-m+fp/hard\libc_nano.a(libc_a-mallocr.o)
                0x200020bc                __malloc_sbrk_start
 .bss.heap_end.0
                0x200020c0        0x4 c:/arm-gcc/tools/tools/arm-gnu-toolchain-11.3.rel1-mingw-w64-i686-arm-none-eabi/bin/../lib/gcc/arm-none-eabi/11.3.1/thumb/v7e-m+fp/hard\libnosys.a(sbrk.o)
 *(COMMON)
                0x200020c4                . = ALIGN (0x4)
                0x200020c4                _ebss = .
                0x200020c4                __bss_end__ = _ebss

._user_heap_stack
                0x200020c4      0x604 load address 0x0800aa00
                0x200020c8                . = ALIGN (0x8)
 *fill*         0x200020c4        0x4 
                0x200020c8                PROVIDE (end = .)
                [!provide]                PROVIDE (_end = .)
                0x200022c8                . = (. + _Min_Heap_Size)
 *fill*         0x200020c8      0x200 
                0x200026c8                . = (. + _Min_Stack_Size)
 *fill*         0x200022c8      0x400 
                0x200026c8                . = ALIGN (0x8)

/DISCARD/
 libc.a(*)
 libm.a(*)
 libgcc.a(*)

.ARM.attributes
                0x00000000       0x30
 *(.ARM.attributes)
 .ARM.attributes
                0x00000000       0x1e c:/arm-gcc/tools/tools/arm-gnu-toolchain-11.3.rel1-mingw-w64-i686-arm-none-eabi/bin/../lib/gcc/arm-none-eabi/11.3.1/thumb/v7e-m+fp/hard/crti.o
 .ARM.attributes
                0x0000001e       0x34 c:/arm-gcc/tools/tools/arm-gnu-toolchain-11.3.rel1-mingw-w64-i686-arm-none-eabi/bin/../lib/gcc/arm-none-eabi/11.3.1/thumb/v7e-m+fp/hard/crtbegin.o
 .ARM.attributes
                0x00000052       0x34 build/main.o
 .ARM.attributes
                0x00000086       0x34 build/button.o
 .ARM.attributes
                0x000000ba       0x34 build/stm32f4xx_it.o
 .ARM.attributes
                0x000000ee       0x34 build/stm32f4xx_hal_msp.o
 .ARM.attributes
                0x00000122       0x34 build/stm32f4xx_hal_tim.o
 .ARM.attributes
                0x00000156       0x34 build/stm32f4xx_hal_tim_ex.o
 .ARM.attributes
                0x0000018a       0x34 build/stm32f4xx_hal_rcc.o
 .ARM.attributes
                0x000001be       0x34 build/stm32f4xx_hal_gpio.o
 .ARM.attributes
                0x000001f2       0x34 build/stm32f4xx_hal_cortex.o
 .ARM.attributes
                0x00000226       0x34 build/stm32f4xx_hal.o
 .ARM.attributes
                0x0000025a       0x34 build/system_stm32f4xx.o
 .ARM.attributes
                0x0000028e       0x34 build/stm32f4xx_hal_adc.o
 .ARM.attributes
                0x000002c2       0x34 build/usb_device.o
 .ARM.attributes
                0x000002f6       0x34 build/usbd_desc.o
 .ARM.attributes
                0x0000032a       0x34 build/usbd_cdc_if.o
 .ARM.attributes
                0x0000035e       0x34 build/usbd_conf.o
 .ARM.attributes
                0x00000392       0x34 build/stm32f4xx_hal_pcd.o
 .ARM.attributes
                0x000003c6       0x34 build/stm32f4xx_hal_pcd_ex.o
 .ARM.attributes
                0x000003fa       0x34 build/stm32f4xx_ll_usb.o
 .ARM.attributes
                0x0000042e       0x34 build/usbd_core.o
 .ARM.attributes
                0x00000462       0x34 build/usbd_ctlreq.o
 .ARM.attributes
                0x00000496       0x34 build/usbd_ioreq.o
 .ARM.attributes
                0x000004ca       0x34 build/usbd_cdc.o
 .ARM.attributes
                0x000004fe       0x21 build/startup_stm32f411xe.o
 .ARM.attributes
                0x0000051f       0x34 c:/arm-gcc/tools/tools/arm-gnu-toolchain-11.3.rel1-mingw-w64-i686-arm-none-eabi/bin/../lib/gcc/arm-none-eabi/11.3.1/thumb/v7e-m+fp/hard\libc_nano.a(libc_a-findfp.o)
 .ARM.attributes
                0x00000553       0x34 c:/arm-gcc/tools/tools/arm-gnu-toolchain-11.3.rel1-mingw-w64-i686-arm-none-eabi/bin/../lib/gcc/arm-none-eabi/11.3.1/thumb/v7e-m+fp/hard\libc_nano.a(libc_a-sprintf.o)
 .ARM.attributes
                0x00000587       0x34 c:/arm-gcc/tools/tools/arm-gnu-toolchain-11.3.rel1-mingw-w64-i686-arm-none-eabi/bin/../lib/gcc/arm-none-eabi/11.3.1/thumb/v7e-m+fp/hard\libc_nano.a(libc_a-memset.o)
 .ARM.attributes
                0x000005bb       0x34 c:/arm-gcc/tools/tools/arm-gnu-toolchain-11.3.rel1-mingw-w64-i686-arm-none-eabi/bin/../lib/gcc/arm-none-eabi/11.3.1/thumb/v7e-m+fp/hard\libc_nano.a(libc_a-reent.o)
 .ARM.attributes
                0x000005ef       0x34 c:/arm-gcc/tools/tools/arm-gnu-toolchain-11.3.rel1-mingw-w64-i686-arm-none-eabi/bin/../lib/gcc/arm-none-eabi/11.3.1/thumb/v7e-m+fp/hard\libc_nano.a(libc_a-impure.o)
 .ARM.attributes
                0x00000623       0x34 c:/arm-gcc/tools/tools/arm-gnu-toolchain-11.3.rel1-mingw-w64-i686-arm-none-eabi/bin/../lib/gcc/arm-none-eabi/11.3.1/thumb/v7e-m+fp/hard\libc_nano.a(libc_a-init.o)
 .ARM.attributes
                0x00000657       0x34 c:/arm-gcc/tools/tools/arm-gnu-toolchain-11.3.rel1-mingw-w64-i686-arm-none-eabi/bin/../lib/gcc/arm-none-eabi/11.3.1/thumb/v7e-m+fp/hard\libc_nano.a(libc_a-lock.o)
 .ARM.attributes
                0x0000068b       0x17 c:/arm-gcc/tools/tools/arm-gnu-toolchain-11.3.rel1-mingw-w64-i686-arm-none-eabi/bin/../lib/gcc/arm-none-eabi/11.3.1/thumb/v7e-m+fp/hard\libc_nano.a(libc_a-strlen.o)
 .ARM.attributes
                0x000006a2       0x34 c:/arm-gcc/tools/tools/arm-gnu-toolchain-11.3.rel1-mingw-w64-i686-arm-none-eabi/bin/../lib/gcc/arm-none-eabi/11.3.1/thumb/v7e-m+fp/hard\libc_nano.a(libc_a-freer.o)
 .ARM.attributes
                0x000006d6       0x34 c:/arm-gcc/tools/tools/arm-gnu-toolchain-11.3.rel1-mingw-w64-i686-arm-none-eabi/bin/../lib/gcc/arm-none-eabi/11.3.1/thumb/v7e-m+fp/hard\libc_nano.a(libc_a-mallocr.o)
 .ARM.attributes
                0x0000070a       0x34 c:/arm-gcc/tools/tools/arm-gnu-toolchain-11.3.rel1-mingw-w64-i686-arm-none-eabi/bin/../lib/gcc/arm-none-eabi/11.3.1/thumb/v7e-m+fp/hard\libc_nano.a(libc_a-mlock.o)
 .ARM.attributes
                0x0000073e       0x34 c:/arm-gcc/tools/tools/arm-gnu-toolchain-11.3.rel1-mingw-w64-i686-arm-none-eabi/bin/../lib/gcc/arm-none-eabi/11.3.1/thumb/v7e-m+fp/hard\libc_nano.a(libc_a-nano-svfprintf.o)
 .ARM.attributes
                0x00000772       0x34 c:/arm-gcc/tools/tools/arm-gnu-toolchain-11.3.rel1-mingw-w64-i686-arm-none-eabi/bin/../lib/gcc/arm-none-eabi/11.3.1/thumb/v7e-m+fp/hard\libc_nano.a(libc_a-nano-vfprintf_i.o)
 .ARM.attributes
                0x000007a6       0x34 c:/arm-gcc/tools/tools/arm-gnu-toolchain-11.3.rel1-mingw-w64-i686-arm-none-eabi/bin/../lib/gcc/arm-none-eabi/11.3.1/thumb/v7e-m+fp/hard\libc_nano.a(libc_a-memmove.o)
 .ARM.attributes
                0x000007da       0x34 c:/arm-gcc/tools/tools/arm-gnu-toolchain-11.3.rel1-mingw-w64-i686-arm-none-eabi/bin/../lib/gcc/arm-none-eabi/11.3.1/thumb/v7e-m+fp/hard\libc_nano.a(libc_a-sbrkr.o)
 .ARM.attributes
                0x0000080e       0x1c c:/arm-gcc/tools/tools/arm-gnu-toolchain-11.3.rel1-mingw-w64-i686-arm-none-eabi/bin/../lib/gcc/arm-none-eabi/11.3.1/thumb/v7e-m+fp/hard\libc_nano.a(libc_a-memchr.o)
 .ARM.attributes
                0x0000082a       0x34 c:/arm-gcc/tools/tools/arm-gnu-toolchain-11.3.rel1-mingw-w64-i686-arm-none-eabi/bin/../lib/gcc/arm-none-eabi/11.3.1/thumb/v7e-m+fp/hard\libc_nano.a(libc_a-memcpy-stub.o)
 .ARM.attributes
                0x0000085e       0x34 c:/arm-gcc/tools/tools/arm-gnu-toolchain-11.3.rel1-mingw-w64-i686-arm-none-eabi/bin/../lib/gcc/arm-none-eabi/11.3.1/thumb/v7e-m+fp/hard\libc_nano.a(libc_a-reallocr.o)
 .ARM.attributes
                0x00000892       0x34 c:/arm-gcc/tools/tools/arm-gnu-toolchain-11.3.rel1-mingw-w64-i686-arm-none-eabi/bin/../lib/gcc/arm-none-eabi/11.3.1/thumb/v7e-m+fp/hard\libc_nano.a(libc_a-msizer.o)
 .ARM.attributes
                0x000008c6       0x34 c:/arm-gcc/tools/tools/arm-gnu-toolchain-11.3.rel1-mingw-w64-i686-arm-none-eabi/bin/../lib/gcc/arm-none-eabi/11.3.1/thumb/v7e-m+fp/hard\libm.a(libm_a-w_log.o)
 .ARM.attributes
                0x000008fa       0x34 c:/arm-gcc/tools/tools/arm-gnu-toolchain-11.3.rel1-mingw-w64-i686-arm-none-eabi/bin/../lib/gcc/arm-none-eabi/11.3.1/thumb/v7e-m+fp/hard\libm.a(libm_a-s_nan.o)
 .ARM.attributes
                0x0000092e       0x34 c:/arm-gcc/tools/tools/arm-gnu-toolchain-11.3.rel1-mingw-w64-i686-arm-none-eabi/bin/../lib/gcc/arm-none-eabi/11.3.1/thumb/v7e-m+fp/hard\libm.a(libm_a-e_log.o)
 .ARM.attributes
                0x00000962       0x34 c:/arm-gcc/tools/tools/arm-gnu-toolchain-11.3.rel1-mingw-w64-i686-arm-none-eabi/bin/../lib/gcc/arm-none-eabi/11.3.1/thumb/v7e-m+fp/hard\libnosys.a(sbrk.o)
 .ARM.attributes
                0x00000996       0x1e c:/arm-gcc/tools/tools/arm-gnu-toolchain-11.3.rel1-mingw-w64-i686-arm-none-eabi/bin/../lib/gcc/arm-none-eabi/11.3.1/thumb/v7e-m+fp/hard\libgcc.a(_arm_addsubdf3.o)
 .ARM.attributes
                0x000009b4       0x1e c:/arm-gcc/tools/tools/arm-gnu-toolchain-11.3.rel1-mingw-w64-i686-arm-none-eabi/bin/../lib/gcc/arm-none-eabi/11.3.1/thumb/v7e-m+fp/hard\libgcc.a(_arm_muldivdf3.o)
 .ARM.attributes
                0x000009d2       0x1e c:/arm-gcc/tools/tools/arm-gnu-toolchain-11.3.rel1-mingw-w64-i686-arm-none-eabi/bin/../lib/gcc/arm-none-eabi/11.3.1/thumb/v7e-m+fp/hard\libgcc.a(_arm_cmpdf2.o)
 .ARM.attributes
                0x000009f0       0x1e c:/arm-gcc/tools/tools/arm-gnu-toolchain-11.3.rel1-mingw-w64-i686-arm-none-eabi/bin/../lib/gcc/arm-none-eabi/11.3.1/thumb/v7e-m+fp/hard\libgcc.a(_arm_unorddf2.o)
 .ARM.attributes
                0x00000a0e       0x1e c:/arm-gcc/tools/tools/arm-gnu-toolchain-11.3.rel1-mingw-w64-i686-arm-none-eabi/bin/../lib/gcc/arm-none-eabi/11.3.1/thumb/v7e-m+fp/hard\libgcc.a(_arm_fixunsdfsi.o)
 .ARM.attributes
                0x00000a2c       0x1e c:/arm-gcc/tools/tools/arm-gnu-toolchain-11.3.rel1-mingw-w64-i686-arm-none-eabi/bin/../lib/gcc/arm-none-eabi/11.3.1/thumb/v7e-m+fp/hard\libgcc.a(_arm_truncdfsf2.o)
 .ARM.attributes
                0x00000a4a       0x1e c:/arm-gcc/tools/tools/arm-gnu-toolchain-11.3.rel1-mingw-w64-i686-arm-none-eabi/bin/../lib/gcc/arm-none-eabi/11.3.1/thumb/v7e-m+fp/hard\libgcc.a(_aeabi_uldivmod.o)
 .ARM.attributes
                0x00000a68       0x34 c:/arm-gcc/tools/tools/arm-gnu-toolchain-11.3.rel1-mingw-w64-i686-arm-none-eabi/bin/../lib/gcc/arm-none-eabi/11.3.1/thumb/v7e-m+fp/hard\libgcc.a(_udivmoddi4.o)
 .ARM.attributes
                0x00000a9c       0x1e c:/arm-gcc/tools/tools/arm-gnu-toolchain-11.3.rel1-mingw-w64-i686-arm-none-eabi/bin/../lib/gcc/arm-none-eabi/11.3.1/thumb/v7e-m+fp/hard\libgcc.a(_dvmd_tls.o)
 .ARM.attributes
                0x00000aba       0x34 c:/arm-gcc/tools/tools/arm-gnu-toolchain-11.3.rel1-mingw-w64-i686-arm-none-eabi/bin/../lib/gcc/arm-none-eabi/11.3.1/thumb/v7e-m+fp/hard\libc_nano.a(libc_a-errno.o)
 .ARM.attributes
                0x00000aee       0x34 c:/arm-gcc/tools/tools/arm-gnu-toolchain-11.3.rel1-mingw-w64-i686-arm-none-eabi/bin/../lib/gcc/arm-none-eabi/11.3.1/thumb/v7e-m+fp/hard/crtend.o
 .ARM.attributes
                0x00000b22       0x1e c:/arm-gcc/tools/tools/arm-gnu-toolchain-11.3.rel1-mingw-w64-i686-arm-none-eabi/bin/../lib/gcc/arm-none-eabi/11.3.1/thumb/v7e-m+fp/hard/crtn.o
OUTPUT(build/helloblackpillSTM32F411CEUx.elf elf32-littlearm)
LOAD linker stubs
LOAD c:/arm-gcc/tools/tools/arm-gnu-toolchain-11.3.rel1-mingw-w64-i686-arm-none-eabi/bin/../lib/gcc/arm-none-eabi/11.3.1/thumb/v7e-m+fp/hard\libc.a
LOAD c:/arm-gcc/tools/tools/arm-gnu-toolchain-11.3.rel1-mingw-w64-i686-arm-none-eabi/bin/../lib/gcc/arm-none-eabi/11.3.1/thumb/v7e-m+fp/hard\libm.a
LOAD c:/arm-gcc/tools/tools/arm-gnu-toolchain-11.3.rel1-mingw-w64-i686-arm-none-eabi/bin/../lib/gcc/arm-none-eabi/11.3.1/thumb/v7e-m+fp/hard\libgcc.a

.comment        0x00000000       0x33
 .comment       0x00000000       0x33 c:/arm-gcc/tools/tools/arm-gnu-toolchain-11.3.rel1-mingw-w64-i686-arm-none-eabi/bin/../lib/gcc/arm-none-eabi/11.3.1/thumb/v7e-m+fp/hard/crtbegin.o
                                 0x34 (size before relaxing)
 .comment       0x00000033       0x34 build/main.o
 .comment       0x00000033       0x34 build/button.o
 .comment       0x00000033       0x34 build/stm32f4xx_it.o
 .comment       0x00000033       0x34 build/stm32f4xx_hal_msp.o
 .comment       0x00000033       0x34 build/stm32f4xx_hal_tim.o
 .comment       0x00000033       0x34 build/stm32f4xx_hal_tim_ex.o
 .comment       0x00000033       0x34 build/stm32f4xx_hal_rcc.o
 .comment       0x00000033       0x34 build/stm32f4xx_hal_gpio.o
 .comment       0x00000033       0x34 build/stm32f4xx_hal_cortex.o
 .comment       0x00000033       0x34 build/stm32f4xx_hal.o
 .comment       0x00000033       0x34 build/system_stm32f4xx.o
 .comment       0x00000033       0x34 build/stm32f4xx_hal_adc.o
 .comment       0x00000033       0x34 build/usb_device.o
 .comment       0x00000033       0x34 build/usbd_desc.o
 .comment       0x00000033       0x34 build/usbd_cdc_if.o
 .comment       0x00000033       0x34 build/usbd_conf.o
 .comment       0x00000033       0x34 build/stm32f4xx_hal_pcd.o
 .comment       0x00000033       0x34 build/stm32f4xx_hal_pcd_ex.o
 .comment       0x00000033       0x34 build/stm32f4xx_ll_usb.o
 .comment       0x00000033       0x34 build/usbd_core.o
 .comment       0x00000033       0x34 build/usbd_ctlreq.o
 .comment       0x00000033       0x34 build/usbd_ioreq.o
 .comment       0x00000033       0x34 build/usbd_cdc.o
 .comment       0x00000033       0x34 c:/arm-gcc/tools/tools/arm-gnu-toolchain-11.3.rel1-mingw-w64-i686-arm-none-eabi/bin/../lib/gcc/arm-none-eabi/11.3.1/thumb/v7e-m+fp/hard\libc_nano.a(libc_a-findfp.o)
 .comment       0x00000033       0x34 c:/arm-gcc/tools/tools/arm-gnu-toolchain-11.3.rel1-mingw-w64-i686-arm-none-eabi/bin/../lib/gcc/arm-none-eabi/11.3.1/thumb/v7e-m+fp/hard\libc_nano.a(libc_a-sprintf.o)
 .comment       0x00000033       0x34 c:/arm-gcc/tools/tools/arm-gnu-toolchain-11.3.rel1-mingw-w64-i686-arm-none-eabi/bin/../lib/gcc/arm-none-eabi/11.3.1/thumb/v7e-m+fp/hard\libc_nano.a(libc_a-memset.o)
 .comment       0x00000033       0x34 c:/arm-gcc/tools/tools/arm-gnu-toolchain-11.3.rel1-mingw-w64-i686-arm-none-eabi/bin/../lib/gcc/arm-none-eabi/11.3.1/thumb/v7e-m+fp/hard\libc_nano.a(libc_a-reent.o)
 .comment       0x00000033       0x34 c:/arm-gcc/tools/tools/arm-gnu-toolchain-11.3.rel1-mingw-w64-i686-arm-none-eabi/bin/../lib/gcc/arm-none-eabi/11.3.1/thumb/v7e-m+fp/hard\libc_nano.a(libc_a-impure.o)
 .comment       0x00000033       0x34 c:/arm-gcc/tools/tools/arm-gnu-toolchain-11.3.rel1-mingw-w64-i686-arm-none-eabi/bin/../lib/gcc/arm-none-eabi/11.3.1/thumb/v7e-m+fp/hard\libc_nano.a(libc_a-init.o)
 .comment       0x00000033       0x34 c:/arm-gcc/tools/tools/arm-gnu-toolchain-11.3.rel1-mingw-w64-i686-arm-none-eabi/bin/../lib/gcc/arm-none-eabi/11.3.1/thumb/v7e-m+fp/hard\libc_nano.a(libc_a-lock.o)
 .comment       0x00000033       0x34 c:/arm-gcc/tools/tools/arm-gnu-toolchain-11.3.rel1-mingw-w64-i686-arm-none-eabi/bin/../lib/gcc/arm-none-eabi/11.3.1/thumb/v7e-m+fp/hard\libc_nano.a(libc_a-freer.o)
 .comment       0x00000033       0x34 c:/arm-gcc/tools/tools/arm-gnu-toolchain-11.3.rel1-mingw-w64-i686-arm-none-eabi/bin/../lib/gcc/arm-none-eabi/11.3.1/thumb/v7e-m+fp/hard\libc_nano.a(libc_a-mallocr.o)
 .comment       0x00000033       0x34 c:/arm-gcc/tools/tools/arm-gnu-toolchain-11.3.rel1-mingw-w64-i686-arm-none-eabi/bin/../lib/gcc/arm-none-eabi/11.3.1/thumb/v7e-m+fp/hard\libc_nano.a(libc_a-mlock.o)
 .comment       0x00000033       0x34 c:/arm-gcc/tools/tools/arm-gnu-toolchain-11.3.rel1-mingw-w64-i686-arm-none-eabi/bin/../lib/gcc/arm-none-eabi/11.3.1/thumb/v7e-m+fp/hard\libc_nano.a(libc_a-nano-svfprintf.o)
 .comment       0x00000033       0x34 c:/arm-gcc/tools/tools/arm-gnu-toolchain-11.3.rel1-mingw-w64-i686-arm-none-eabi/bin/../lib/gcc/arm-none-eabi/11.3.1/thumb/v7e-m+fp/hard\libc_nano.a(libc_a-nano-vfprintf_i.o)
 .comment       0x00000033       0x34 c:/arm-gcc/tools/tools/arm-gnu-toolchain-11.3.rel1-mingw-w64-i686-arm-none-eabi/bin/../lib/gcc/arm-none-eabi/11.3.1/thumb/v7e-m+fp/hard\libc_nano.a(libc_a-memmove.o)
 .comment       0x00000033       0x34 c:/arm-gcc/tools/tools/arm-gnu-toolchain-11.3.rel1-mingw-w64-i686-arm-none-eabi/bin/../lib/gcc/arm-none-eabi/11.3.1/thumb/v7e-m+fp/hard\libc_nano.a(libc_a-sbrkr.o)
 .comment       0x00000033       0x34 c:/arm-gcc/tools/tools/arm-gnu-toolchain-11.3.rel1-mingw-w64-i686-arm-none-eabi/bin/../lib/gcc/arm-none-eabi/11.3.1/thumb/v7e-m+fp/hard\libc_nano.a(libc_a-memcpy-stub.o)
 .comment       0x00000033       0x34 c:/arm-gcc/tools/tools/arm-gnu-toolchain-11.3.rel1-mingw-w64-i686-arm-none-eabi/bin/../lib/gcc/arm-none-eabi/11.3.1/thumb/v7e-m+fp/hard\libc_nano.a(libc_a-reallocr.o)
 .comment       0x00000033       0x34 c:/arm-gcc/tools/tools/arm-gnu-toolchain-11.3.rel1-mingw-w64-i686-arm-none-eabi/bin/../lib/gcc/arm-none-eabi/11.3.1/thumb/v7e-m+fp/hard\libc_nano.a(libc_a-msizer.o)
 .comment       0x00000033       0x34 c:/arm-gcc/tools/tools/arm-gnu-toolchain-11.3.rel1-mingw-w64-i686-arm-none-eabi/bin/../lib/gcc/arm-none-eabi/11.3.1/thumb/v7e-m+fp/hard\libm.a(libm_a-w_log.o)
 .comment       0x00000033       0x34 c:/arm-gcc/tools/tools/arm-gnu-toolchain-11.3.rel1-mingw-w64-i686-arm-none-eabi/bin/../lib/gcc/arm-none-eabi/11.3.1/thumb/v7e-m+fp/hard\libm.a(libm_a-s_nan.o)
 .comment       0x00000033       0x34 c:/arm-gcc/tools/tools/arm-gnu-toolchain-11.3.rel1-mingw-w64-i686-arm-none-eabi/bin/../lib/gcc/arm-none-eabi/11.3.1/thumb/v7e-m+fp/hard\libm.a(libm_a-e_log.o)
 .comment       0x00000033       0x34 c:/arm-gcc/tools/tools/arm-gnu-toolchain-11.3.rel1-mingw-w64-i686-arm-none-eabi/bin/../lib/gcc/arm-none-eabi/11.3.1/thumb/v7e-m+fp/hard\libnosys.a(sbrk.o)
 .comment       0x00000033       0x34 c:/arm-gcc/tools/tools/arm-gnu-toolchain-11.3.rel1-mingw-w64-i686-arm-none-eabi/bin/../lib/gcc/arm-none-eabi/11.3.1/thumb/v7e-m+fp/hard\libgcc.a(_udivmoddi4.o)
 .comment       0x00000033       0x34 c:/arm-gcc/tools/tools/arm-gnu-toolchain-11.3.rel1-mingw-w64-i686-arm-none-eabi/bin/../lib/gcc/arm-none-eabi/11.3.1/thumb/v7e-m+fp/hard\libc_nano.a(libc_a-errno.o)
 .comment       0x00000033       0x34 c:/arm-gcc/tools/tools/arm-gnu-toolchain-11.3.rel1-mingw-w64-i686-arm-none-eabi/bin/../lib/gcc/arm-none-eabi/11.3.1/thumb/v7e-m+fp/hard/crtend.o

.debug_info     0x00000000    0x2006b
 .debug_info    0x00000000     0x1722 build/main.o
 .debug_info    0x00001722      0x2c0 build/button.o
 .debug_info    0x000019e2      0xd5c build/stm32f4xx_it.o
 .debug_info    0x0000273e     0x1133 build/stm32f4xx_hal_msp.o
 .debug_info    0x00003871     0x2eeb build/stm32f4xx_hal_tim.o
 .debug_info    0x0000675c     0x177e build/stm32f4xx_hal_tim_ex.o
 .debug_info    0x00007eda      0xa7a build/stm32f4xx_hal_rcc.o
 .debug_info    0x00008954      0x82c build/stm32f4xx_hal_gpio.o
 .debug_info    0x00009180      0xe9c build/stm32f4xx_hal_cortex.o
 .debug_info    0x0000a01c      0xa07 build/stm32f4xx_hal.o
 .debug_info    0x0000aa23      0x5ce build/system_stm32f4xx.o
 .debug_info    0x0000aff1      0xe9d build/stm32f4xx_hal_adc.o
 .debug_info    0x0000be8e      0x80e build/usb_device.o
 .debug_info    0x0000c69c      0x4db build/usbd_desc.o
 .debug_info    0x0000cb77      0xa35 build/usbd_cdc_if.o
 .debug_info    0x0000d5ac     0x1f3b build/usbd_conf.o
 .debug_info    0x0000f4e7     0x1879 build/stm32f4xx_hal_pcd.o
 .debug_info    0x00010d60      0x7a3 build/stm32f4xx_hal_pcd_ex.o
 .debug_info    0x00011503     0x1c77 build/stm32f4xx_ll_usb.o
 .debug_info    0x0001317a     0x1029 build/usbd_core.o
 .debug_info    0x000141a3      0xc5a build/usbd_ctlreq.o
 .debug_info    0x00014dfd      0x881 build/usbd_ioreq.o
 .debug_info    0x0001567e     0x1493 build/usbd_cdc.o
 .debug_info    0x00016b11       0x22 build/startup_stm32f411xe.o
 .debug_info    0x00016b33      0xf8f c:/arm-gcc/tools/tools/arm-gnu-toolchain-11.3.rel1-mingw-w64-i686-arm-none-eabi/bin/../lib/gcc/arm-none-eabi/11.3.1/thumb/v7e-m+fp/hard\libc_nano.a(libc_a-findfp.o)
 .debug_info    0x00017ac2      0x87e c:/arm-gcc/tools/tools/arm-gnu-toolchain-11.3.rel1-mingw-w64-i686-arm-none-eabi/bin/../lib/gcc/arm-none-eabi/11.3.1/thumb/v7e-m+fp/hard\libc_nano.a(libc_a-sprintf.o)
 .debug_info    0x00018340       0xe0 c:/arm-gcc/tools/tools/arm-gnu-toolchain-11.3.rel1-mingw-w64-i686-arm-none-eabi/bin/../lib/gcc/arm-none-eabi/11.3.1/thumb/v7e-m+fp/hard\libc_nano.a(libc_a-memset.o)
 .debug_info    0x00018420      0x858 c:/arm-gcc/tools/tools/arm-gnu-toolchain-11.3.rel1-mingw-w64-i686-arm-none-eabi/bin/../lib/gcc/arm-none-eabi/11.3.1/thumb/v7e-m+fp/hard\libc_nano.a(libc_a-reent.o)
 .debug_info    0x00018c78      0x714 c:/arm-gcc/tools/tools/arm-gnu-toolchain-11.3.rel1-mingw-w64-i686-arm-none-eabi/bin/../lib/gcc/arm-none-eabi/11.3.1/thumb/v7e-m+fp/hard\libc_nano.a(libc_a-impure.o)
 .debug_info    0x0001938c      0x10b c:/arm-gcc/tools/tools/arm-gnu-toolchain-11.3.rel1-mingw-w64-i686-arm-none-eabi/bin/../lib/gcc/arm-none-eabi/11.3.1/thumb/v7e-m+fp/hard\libc_nano.a(libc_a-init.o)
 .debug_info    0x00019497      0x20a c:/arm-gcc/tools/tools/arm-gnu-toolchain-11.3.rel1-mingw-w64-i686-arm-none-eabi/bin/../lib/gcc/arm-none-eabi/11.3.1/thumb/v7e-m+fp/hard\libc_nano.a(libc_a-lock.o)
 .debug_info    0x000196a1       0x24 c:/arm-gcc/tools/tools/arm-gnu-toolchain-11.3.rel1-mingw-w64-i686-arm-none-eabi/bin/../lib/gcc/arm-none-eabi/11.3.1/thumb/v7e-m+fp/hard\libc_nano.a(libc_a-strlen.o)
 .debug_info    0x000196c5      0x845 c:/arm-gcc/tools/tools/arm-gnu-toolchain-11.3.rel1-mingw-w64-i686-arm-none-eabi/bin/../lib/gcc/arm-none-eabi/11.3.1/thumb/v7e-m+fp/hard\libc_nano.a(libc_a-freer.o)
 .debug_info    0x00019f0a      0x9bb c:/arm-gcc/tools/tools/arm-gnu-toolchain-11.3.rel1-mingw-w64-i686-arm-none-eabi/bin/../lib/gcc/arm-none-eabi/11.3.1/thumb/v7e-m+fp/hard\libc_nano.a(libc_a-mallocr.o)
 .debug_info    0x0001a8c5      0x76a c:/arm-gcc/tools/tools/arm-gnu-toolchain-11.3.rel1-mingw-w64-i686-arm-none-eabi/bin/../lib/gcc/arm-none-eabi/11.3.1/thumb/v7e-m+fp/hard\libc_nano.a(libc_a-mlock.o)
 .debug_info    0x0001b02f     0x10c1 c:/arm-gcc/tools/tools/arm-gnu-toolchain-11.3.rel1-mingw-w64-i686-arm-none-eabi/bin/../lib/gcc/arm-none-eabi/11.3.1/thumb/v7e-m+fp/hard\libc_nano.a(libc_a-nano-svfprintf.o)
 .debug_info    0x0001c0f0      0xddf c:/arm-gcc/tools/tools/arm-gnu-toolchain-11.3.rel1-mingw-w64-i686-arm-none-eabi/bin/../lib/gcc/arm-none-eabi/11.3.1/thumb/v7e-m+fp/hard\libc_nano.a(libc_a-nano-vfprintf_i.o)
 .debug_info    0x0001cecf      0x10f c:/arm-gcc/tools/tools/arm-gnu-toolchain-11.3.rel1-mingw-w64-i686-arm-none-eabi/bin/../lib/gcc/arm-none-eabi/11.3.1/thumb/v7e-m+fp/hard\libc_nano.a(libc_a-memmove.o)
 .debug_info    0x0001cfde      0x77b c:/arm-gcc/tools/tools/arm-gnu-toolchain-11.3.rel1-mingw-w64-i686-arm-none-eabi/bin/../lib/gcc/arm-none-eabi/11.3.1/thumb/v7e-m+fp/hard\libc_nano.a(libc_a-sbrkr.o)
 .debug_info    0x0001d759       0x25 c:/arm-gcc/tools/tools/arm-gnu-toolchain-11.3.rel1-mingw-w64-i686-arm-none-eabi/bin/../lib/gcc/arm-none-eabi/11.3.1/thumb/v7e-m+fp/hard\libc_nano.a(libc_a-memchr.o)
 .debug_info    0x0001d77e      0x121 c:/arm-gcc/tools/tools/arm-gnu-toolchain-11.3.rel1-mingw-w64-i686-arm-none-eabi/bin/../lib/gcc/arm-none-eabi/11.3.1/thumb/v7e-m+fp/hard\libc_nano.a(libc_a-memcpy-stub.o)
 .debug_info    0x0001d89f      0x8c6 c:/arm-gcc/tools/tools/arm-gnu-toolchain-11.3.rel1-mingw-w64-i686-arm-none-eabi/bin/../lib/gcc/arm-none-eabi/11.3.1/thumb/v7e-m+fp/hard\libc_nano.a(libc_a-reallocr.o)
 .debug_info    0x0001e165      0x793 c:/arm-gcc/tools/tools/arm-gnu-toolchain-11.3.rel1-mingw-w64-i686-arm-none-eabi/bin/../lib/gcc/arm-none-eabi/11.3.1/thumb/v7e-m+fp/hard\libc_nano.a(libc_a-msizer.o)
 .debug_info    0x0001e8f8      0x187 c:/arm-gcc/tools/tools/arm-gnu-toolchain-11.3.rel1-mingw-w64-i686-arm-none-eabi/bin/../lib/gcc/arm-none-eabi/11.3.1/thumb/v7e-m+fp/hard\libm.a(libm_a-w_log.o)
 .debug_info    0x0001ea7f       0xcd c:/arm-gcc/tools/tools/arm-gnu-toolchain-11.3.rel1-mingw-w64-i686-arm-none-eabi/bin/../lib/gcc/arm-none-eabi/11.3.1/thumb/v7e-m+fp/hard\libm.a(libm_a-s_nan.o)
 .debug_info    0x0001eb4c      0x580 c:/arm-gcc/tools/tools/arm-gnu-toolchain-11.3.rel1-mingw-w64-i686-arm-none-eabi/bin/../lib/gcc/arm-none-eabi/11.3.1/thumb/v7e-m+fp/hard\libm.a(libm_a-e_log.o)
 .debug_info    0x0001f0cc       0x9e c:/arm-gcc/tools/tools/arm-gnu-toolchain-11.3.rel1-mingw-w64-i686-arm-none-eabi/bin/../lib/gcc/arm-none-eabi/11.3.1/thumb/v7e-m+fp/hard\libnosys.a(sbrk.o)
 .debug_info    0x0001f16a       0x25 c:/arm-gcc/tools/tools/arm-gnu-toolchain-11.3.rel1-mingw-w64-i686-arm-none-eabi/bin/../lib/gcc/arm-none-eabi/11.3.1/thumb/v7e-m+fp/hard\libgcc.a(_arm_addsubdf3.o)
 .debug_info    0x0001f18f       0x25 c:/arm-gcc/tools/tools/arm-gnu-toolchain-11.3.rel1-mingw-w64-i686-arm-none-eabi/bin/../lib/gcc/arm-none-eabi/11.3.1/thumb/v7e-m+fp/hard\libgcc.a(_arm_muldivdf3.o)
 .debug_info    0x0001f1b4       0x25 c:/arm-gcc/tools/tools/arm-gnu-toolchain-11.3.rel1-mingw-w64-i686-arm-none-eabi/bin/../lib/gcc/arm-none-eabi/11.3.1/thumb/v7e-m+fp/hard\libgcc.a(_arm_cmpdf2.o)
 .debug_info    0x0001f1d9       0x24 c:/arm-gcc/tools/tools/arm-gnu-toolchain-11.3.rel1-mingw-w64-i686-arm-none-eabi/bin/../lib/gcc/arm-none-eabi/11.3.1/thumb/v7e-m+fp/hard\libgcc.a(_arm_unorddf2.o)
 .debug_info    0x0001f1fd       0x24 c:/arm-gcc/tools/tools/arm-gnu-toolchain-11.3.rel1-mingw-w64-i686-arm-none-eabi/bin/../lib/gcc/arm-none-eabi/11.3.1/thumb/v7e-m+fp/hard\libgcc.a(_arm_fixunsdfsi.o)
 .debug_info    0x0001f221       0x25 c:/arm-gcc/tools/tools/arm-gnu-toolchain-11.3.rel1-mingw-w64-i686-arm-none-eabi/bin/../lib/gcc/arm-none-eabi/11.3.1/thumb/v7e-m+fp/hard\libgcc.a(_arm_truncdfsf2.o)
 .debug_info    0x0001f246       0x24 c:/arm-gcc/tools/tools/arm-gnu-toolchain-11.3.rel1-mingw-w64-i686-arm-none-eabi/bin/../lib/gcc/arm-none-eabi/11.3.1/thumb/v7e-m+fp/hard\libgcc.a(_aeabi_uldivmod.o)
 .debug_info    0x0001f26a      0x6e3 c:/arm-gcc/tools/tools/arm-gnu-toolchain-11.3.rel1-mingw-w64-i686-arm-none-eabi/bin/../lib/gcc/arm-none-eabi/11.3.1/thumb/v7e-m+fp/hard\libgcc.a(_udivmoddi4.o)
 .debug_info    0x0001f94d       0x24 c:/arm-gcc/tools/tools/arm-gnu-toolchain-11.3.rel1-mingw-w64-i686-arm-none-eabi/bin/../lib/gcc/arm-none-eabi/11.3.1/thumb/v7e-m+fp/hard\libgcc.a(_dvmd_tls.o)
 .debug_info    0x0001f971      0x6fa c:/arm-gcc/tools/tools/arm-gnu-toolchain-11.3.rel1-mingw-w64-i686-arm-none-eabi/bin/../lib/gcc/arm-none-eabi/11.3.1/thumb/v7e-m+fp/hard\libc_nano.a(libc_a-errno.o)

.debug_abbrev   0x00000000     0x5782
 .debug_abbrev  0x00000000      0x30e build/main.o
 .debug_abbrev  0x0000030e      0x159 build/button.o
 .debug_abbrev  0x00000467      0x1b2 build/stm32f4xx_it.o
 .debug_abbrev  0x00000619      0x1c4 build/stm32f4xx_hal_msp.o
 .debug_abbrev  0x000007dd      0x26d build/stm32f4xx_hal_tim.o
 .debug_abbrev  0x00000a4a      0x275 build/stm32f4xx_hal_tim_ex.o
 .debug_abbrev  0x00000cbf      0x2a9 build/stm32f4xx_hal_rcc.o
 .debug_abbrev  0x00000f68      0x1c3 build/stm32f4xx_hal_gpio.o
 .debug_abbrev  0x0000112b      0x2f3 build/stm32f4xx_hal_cortex.o
 .debug_abbrev  0x0000141e      0x23d build/stm32f4xx_hal.o
 .debug_abbrev  0x0000165b      0x115 build/system_stm32f4xx.o
 .debug_abbrev  0x00001770      0x203 build/stm32f4xx_hal_adc.o
 .debug_abbrev  0x00001973      0x178 build/usb_device.o
 .debug_abbrev  0x00001aeb      0x1d9 build/usbd_desc.o
 .debug_abbrev  0x00001cc4      0x26d build/usbd_cdc_if.o
 .debug_abbrev  0x00001f31      0x308 build/usbd_conf.o
 .debug_abbrev  0x00002239      0x298 build/stm32f4xx_hal_pcd.o
 .debug_abbrev  0x000024d1      0x1ab build/stm32f4xx_hal_pcd_ex.o
 .debug_abbrev  0x0000267c      0x284 build/stm32f4xx_ll_usb.o
 .debug_abbrev  0x00002900      0x251 build/usbd_core.o
 .debug_abbrev  0x00002b51      0x24a build/usbd_ctlreq.o
 .debug_abbrev  0x00002d9b      0x178 build/usbd_ioreq.o
 .debug_abbrev  0x00002f13      0x29b build/usbd_cdc.o
 .debug_abbrev  0x000031ae       0x12 build/startup_stm32f411xe.o
 .debug_abbrev  0x000031c0      0x40c c:/arm-gcc/tools/tools/arm-gnu-toolchain-11.3.rel1-mingw-w64-i686-arm-none-eabi/bin/../lib/gcc/arm-none-eabi/11.3.1/thumb/v7e-m+fp/hard\libc_nano.a(libc_a-findfp.o)
 .debug_abbrev  0x000035cc      0x21c c:/arm-gcc/tools/tools/arm-gnu-toolchain-11.3.rel1-mingw-w64-i686-arm-none-eabi/bin/../lib/gcc/arm-none-eabi/11.3.1/thumb/v7e-m+fp/hard\libc_nano.a(libc_a-sprintf.o)
 .debug_abbrev  0x000037e8       0x9e c:/arm-gcc/tools/tools/arm-gnu-toolchain-11.3.rel1-mingw-w64-i686-arm-none-eabi/bin/../lib/gcc/arm-none-eabi/11.3.1/thumb/v7e-m+fp/hard\libc_nano.a(libc_a-memset.o)
 .debug_abbrev  0x00003886      0x1f8 c:/arm-gcc/tools/tools/arm-gnu-toolchain-11.3.rel1-mingw-w64-i686-arm-none-eabi/bin/../lib/gcc/arm-none-eabi/11.3.1/thumb/v7e-m+fp/hard\libc_nano.a(libc_a-reent.o)
 .debug_abbrev  0x00003a7e      0x149 c:/arm-gcc/tools/tools/arm-gnu-toolchain-11.3.rel1-mingw-w64-i686-arm-none-eabi/bin/../lib/gcc/arm-none-eabi/11.3.1/thumb/v7e-m+fp/hard\libc_nano.a(libc_a-impure.o)
 .debug_abbrev  0x00003bc7       0xc9 c:/arm-gcc/tools/tools/arm-gnu-toolchain-11.3.rel1-mingw-w64-i686-arm-none-eabi/bin/../lib/gcc/arm-none-eabi/11.3.1/thumb/v7e-m+fp/hard\libc_nano.a(libc_a-init.o)
 .debug_abbrev  0x00003c90      0x115 c:/arm-gcc/tools/tools/arm-gnu-toolchain-11.3.rel1-mingw-w64-i686-arm-none-eabi/bin/../lib/gcc/arm-none-eabi/11.3.1/thumb/v7e-m+fp/hard\libc_nano.a(libc_a-lock.o)
 .debug_abbrev  0x00003da5       0x14 c:/arm-gcc/tools/tools/arm-gnu-toolchain-11.3.rel1-mingw-w64-i686-arm-none-eabi/bin/../lib/gcc/arm-none-eabi/11.3.1/thumb/v7e-m+fp/hard\libc_nano.a(libc_a-strlen.o)
 .debug_abbrev  0x00003db9      0x23b c:/arm-gcc/tools/tools/arm-gnu-toolchain-11.3.rel1-mingw-w64-i686-arm-none-eabi/bin/../lib/gcc/arm-none-eabi/11.3.1/thumb/v7e-m+fp/hard\libc_nano.a(libc_a-freer.o)
 .debug_abbrev  0x00003ff4      0x24a c:/arm-gcc/tools/tools/arm-gnu-toolchain-11.3.rel1-mingw-w64-i686-arm-none-eabi/bin/../lib/gcc/arm-none-eabi/11.3.1/thumb/v7e-m+fp/hard\libc_nano.a(libc_a-mallocr.o)
 .debug_abbrev  0x0000423e      0x1bf c:/arm-gcc/tools/tools/arm-gnu-toolchain-11.3.rel1-mingw-w64-i686-arm-none-eabi/bin/../lib/gcc/arm-none-eabi/11.3.1/thumb/v7e-m+fp/hard\libc_nano.a(libc_a-mlock.o)
 .debug_abbrev  0x000043fd      0x31f c:/arm-gcc/tools/tools/arm-gnu-toolchain-11.3.rel1-mingw-w64-i686-arm-none-eabi/bin/../lib/gcc/arm-none-eabi/11.3.1/thumb/v7e-m+fp/hard\libc_nano.a(libc_a-nano-svfprintf.o)
 .debug_abbrev  0x0000471c      0x28f c:/arm-gcc/tools/tools/arm-gnu-toolchain-11.3.rel1-mingw-w64-i686-arm-none-eabi/bin/../lib/gcc/arm-none-eabi/11.3.1/thumb/v7e-m+fp/hard\libc_nano.a(libc_a-nano-vfprintf_i.o)
 .debug_abbrev  0x000049ab       0xac c:/arm-gcc/tools/tools/arm-gnu-toolchain-11.3.rel1-mingw-w64-i686-arm-none-eabi/bin/../lib/gcc/arm-none-eabi/11.3.1/thumb/v7e-m+fp/hard\libc_nano.a(libc_a-memmove.o)
 .debug_abbrev  0x00004a57      0x1da c:/arm-gcc/tools/tools/arm-gnu-toolchain-11.3.rel1-mingw-w64-i686-arm-none-eabi/bin/../lib/gcc/arm-none-eabi/11.3.1/thumb/v7e-m+fp/hard\libc_nano.a(libc_a-sbrkr.o)